Archive member included to satisfy reference by file (symbol)

app/libapp.a(main.c.obj)      (--whole-archive)
app/libapp.a(dw3000_port.c.obj)
                              (--whole-archive)
app/libapp.a(port.c.obj)      (--whole-archive)
app/libapp.a(deca_interface.c.obj)
                              (--whole-archive)
app/libapp.a(deca_compat.c.obj)
                              (--whole-archive)
app/libapp.a(dw3000_device.c.obj)
                              (--whole-archive)
app/libapp.a(deca_probe_interface.c.obj)
                              (--whole-archive)
zephyr/libzephyr.a(validate_libc.c.obj)
                              (--whole-archive)
zephyr/libzephyr.a(heap.c.obj)
                              (--whole-archive)
zephyr/libzephyr.a(cbprintf_packaged.c.obj)
                              (--whole-archive)
zephyr/libzephyr.a(clock.c.obj)
                              (--whole-archive)
zephyr/libzephyr.a(printk.c.obj)
                              (--whole-archive)
zephyr/libzephyr.a(sem.c.obj)
                              (--whole-archive)
zephyr/libzephyr.a(thread_entry.c.obj)
                              (--whole-archive)
zephyr/libzephyr.a(cbprintf_complete.c.obj)
                              (--whole-archive)
zephyr/libzephyr.a(assert.c.obj)
                              (--whole-archive)
zephyr/libzephyr.a(dec.c.obj)
                              (--whole-archive)
zephyr/libzephyr.a(hex.c.obj)
                              (--whole-archive)
zephyr/libzephyr.a(rb.c.obj)  (--whole-archive)
zephyr/libzephyr.a(timeutil.c.obj)
                              (--whole-archive)
zephyr/libzephyr.a(bitarray.c.obj)
                              (--whole-archive)
zephyr/libzephyr.a(bitmask.c.obj)
                              (--whole-archive)
zephyr/libzephyr.a(getopt.c.obj)
                              (--whole-archive)
zephyr/libzephyr.a(getopt_common.c.obj)
                              (--whole-archive)
zephyr/libzephyr.a(onoff.c.obj)
                              (--whole-archive)
zephyr/libzephyr.a(notify.c.obj)
                              (--whole-archive)
zephyr/libzephyr.a(ring_buffer.c.obj)
                              (--whole-archive)
zephyr/libzephyr.a(last_section_id.c.obj)
                              (--whole-archive)
zephyr/libzephyr.a(configs.c.obj)
                              (--whole-archive)
zephyr/libzephyr.a(thread_info.c.obj)
                              (--whole-archive)
zephyr/libzephyr.a(mem_attr.c.obj)
                              (--whole-archive)
zephyr/libzephyr.a(tracing_none.c.obj)
                              (--whole-archive)
zephyr/libzephyr.a(banner.c.obj)
                              (--whole-archive)
zephyr/libzephyr.a(flash_map_partition_manager.c.obj)
                              (--whole-archive)
zephyr/arch/common/libarch__common.a(sw_isr_common.c.obj)
                              (--whole-archive)
zephyr/arch/common/libarch__common.a(init.c.obj)
                              (--whole-archive)
zephyr/arch/common/libarch__common.a(xip.c.obj)
                              (--whole-archive)
zephyr/arch/arch/arm/core/libarch__arm__core.a(fatal.c.obj)
                              (--whole-archive)
zephyr/arch/arch/arm/core/libarch__arm__core.a(nmi.c.obj)
                              (--whole-archive)
zephyr/arch/arch/arm/core/libarch__arm__core.a(nmi_on_reset.S.obj)
                              (--whole-archive)
zephyr/arch/arch/arm/core/libarch__arm__core.a(tls.c.obj)
                              (--whole-archive)
zephyr/arch/arch/arm/core/cortex_m/libarch__arm__core__cortex_m.a(exc_exit.c.obj)
                              (--whole-archive)
zephyr/arch/arch/arm/core/cortex_m/libarch__arm__core__cortex_m.a(fault.c.obj)
                              (--whole-archive)
zephyr/arch/arch/arm/core/cortex_m/libarch__arm__core__cortex_m.a(fault_s.S.obj)
                              (--whole-archive)
zephyr/arch/arch/arm/core/cortex_m/libarch__arm__core__cortex_m.a(fpu.c.obj)
                              (--whole-archive)
zephyr/arch/arch/arm/core/cortex_m/libarch__arm__core__cortex_m.a(reset.S.obj)
                              (--whole-archive)
zephyr/arch/arch/arm/core/cortex_m/libarch__arm__core__cortex_m.a(scb.c.obj)
                              (--whole-archive)
zephyr/arch/arch/arm/core/cortex_m/libarch__arm__core__cortex_m.a(thread_abort.c.obj)
                              (--whole-archive)
zephyr/arch/arch/arm/core/cortex_m/libarch__arm__core__cortex_m.a(vector_table.S.obj)
                              (--whole-archive)
zephyr/arch/arch/arm/core/cortex_m/libarch__arm__core__cortex_m.a(swap_helper.S.obj)
                              (--whole-archive)
zephyr/arch/arch/arm/core/cortex_m/libarch__arm__core__cortex_m.a(irq_manage.c.obj)
                              (--whole-archive)
zephyr/arch/arch/arm/core/cortex_m/libarch__arm__core__cortex_m.a(prep_c.c.obj)
                              (--whole-archive)
[...]
Memory Configuration

Name             Origin             Length             Attributes
FLASH            0x0000000000000000 0x0000000000080000 xr
RAM              0x0000000020000000 0x0000000000020000 xw
IDT_LIST         0x00000000ffff7fff 0x0000000000008000 xw
*default*        0x0000000000000000 0xffffffffffffffff

Linker script and memory map

                0x0000000000009c60                vfprintf = __d_vfprintf
                0x0000000000000000                vfscanf = __d_vfscanf
LOAD zephyr/CMakeFiles/zephyr_final.dir/misc/empty_file.c.obj
LOAD zephyr/CMakeFiles/zephyr_final.dir/isr_tables.c.obj
LOAD zephyr/CMakeFiles/offsets.dir/./arch/arm/core/offsets/offsets.c.obj
LOAD app/libapp.a
LOAD zephyr/libzephyr.a
LOAD zephyr/arch/common/libarch__common.a
LOAD zephyr/arch/arch/arm/core/libarch__arm__core.a
LOAD zephyr/arch/arch/arm/core/cortex_m/libarch__arm__core__cortex_m.a
LOAD zephyr/arch/arch/arm/core/mpu/libarch__arm__core__mpu.a
LOAD zephyr/lib/libc/picolibc/liblib__libc__picolibc.a
LOAD zephyr/lib/libc/common/liblib__libc__common.a
LOAD zephyr/lib/posix/c_lib_ext/liblib__posix__c_lib_ext.a
LOAD zephyr/soc/soc/nrf52833/libsoc__nordic.a
LOAD zephyr/drivers/clock_control/libdrivers__clock_control.a
LOAD zephyr/drivers/console/libdrivers__console.a
LOAD zephyr/drivers/gpio/libdrivers__gpio.a
LOAD zephyr/drivers/pinctrl/libdrivers__pinctrl.a
LOAD zephyr/drivers/serial/libdrivers__serial.a
LOAD zephyr/drivers/spi/libdrivers__spi.a
LOAD zephyr/drivers/timer/libdrivers__timer.a
LOAD modules/hal_nordic/modules/hal_nordic/nrfx/libnrfx.a
LOAD zephyr/kernel/libkernel.a
LOAD zephyr/arch/common/libisr_tables.a
LOAD c:\ncs\toolchains\936afb6332\opt\zephyr-sdk\arm-zephyr-eabi\bin\../lib/gcc/../../picolibc/arm-zephyr-eabi/lib/thumb/v7e-m/nofp\libc.a
LOAD c:/ncs/toolchains/936afb6332/opt/zephyr-sdk/arm-zephyr-eabi/bin/../lib/gcc/arm-zephyr-eabi/12.2.0/thumb/v7e-m/nofp\libgcc.a
                0x0000000000000020                _region_min_align = 0x20

.rel.plt        0x0000000000000000        0x0
 *(SORT_BY_ALIGNMENT(.rel.plt))
                [!provide]                        PROVIDE (__rel_iplt_start = .)
 *(SORT_BY_ALIGNMENT(.rel.iplt))
 .rel.iplt      0x0000000000000000        0x0 zephyr/CMakeFiles/zephyr_final.dir/isr_tables.c.obj
                [!provide]                        PROVIDE (__rel_iplt_end = .)

.rela.plt       0x0000000000000000        0x0
 *(SORT_BY_ALIGNMENT(.rela.plt))
                [!provide]                        PROVIDE (__rela_iplt_start = .)
 *(SORT_BY_ALIGNMENT(.rela.iplt))
                [!provide]                        PROVIDE (__rela_iplt_end = .)

.rel.dyn
 *(SORT_BY_ALIGNMENT(.rel.*))

.rela.dyn
 *(SORT_BY_ALIGNMENT(.rela.*))

/DISCARD/
 *(SORT_BY_ALIGNMENT(.plt))

/DISCARD/
 *(SORT_BY_ALIGNMENT(.iplt))
                0x0000000000000000                __rom_region_start = 0x0

rom_start       0x0000000000000000      0x100
                0x0000000000000000                __rom_start_address = .
 FILL mask 0x00
                0x0000000000000000                . = (. + (0x0 - (. - __rom_start_address)))
                0x0000000000000000                . = ALIGN (0x4)
                0x0000000000000000                . = ALIGN (0x80)
                0x0000000000000000                . = ALIGN (0x100)
                0x0000000000000000                _vector_start = .
 *(SORT_BY_ALIGNMENT(.exc_vector_table))
 *(SORT_BY_ALIGNMENT(.exc_vector_table.*))
 .exc_vector_table._vector_table_section
                0x0000000000000000       0x40 zephyr/arch/arch/arm/core/cortex_m/libarch__arm__core__cortex_m.a(vector_table.S.obj)
                0x0000000000000000                _vector_table
 *(SORT_BY_ALIGNMENT(.vectors))
                0x0000000000000100                _vector_end = .
                0x0000000000000040                . = ALIGN (0x4)
 *(SORT_BY_ALIGNMENT(.gnu.linkonce.irq_vector_table*))
 .gnu.linkonce.irq_vector_table
                0x0000000000000040       0xc0 zephyr/CMakeFiles/zephyr_final.dir/isr_tables.c.obj
                0x0000000000000040                _irq_vector_table
                0x0000000000000100                _vector_end = .

text            0x0000000000000100     0xd554
                0x0000000000000100                __text_region_start = .
 *(SORT_BY_ALIGNMENT(.text))
 .text          0x0000000000000100      0x378 c:/ncs/toolchains/936afb6332/opt/zephyr-sdk/arm-zephyr-eabi/bin/../lib/gcc/arm-zephyr-eabi/12.2.0/thumb/v7e-m/nofp\libgcc.a(_arm_addsubdf3.o)
                0x0000000000000100                __aeabi_drsub
                0x0000000000000108                __aeabi_dsub
                0x0000000000000108                __subdf3
                0x000000000000010c                __aeabi_dadd
                0x000000000000010c                __adddf3
                0x0000000000000384                __floatunsidf
                0x0000000000000384                __aeabi_ui2d
                0x00000000000003a4                __floatsidf
                0x00000000000003a4                __aeabi_i2d
                0x00000000000003c8                __aeabi_f2d
                0x00000000000003c8                __extendsfdf2
                0x000000000000040c                __floatundidf
                0x000000000000040c                __aeabi_ul2d
                0x000000000000041c                __floatdidf
                0x000000000000041c                __aeabi_l2d
 .text          0x0000000000000478       0xa0 c:/ncs/toolchains/936afb6332/opt/zephyr-sdk/arm-zephyr-eabi/bin/../lib/gcc/arm-zephyr-eabi/12.2.0/thumb/v7e-m/nofp\libgcc.a(_arm_truncdfsf2.o)
                0x0000000000000478                __truncdfsf2
                0x0000000000000478                __aeabi_d2f
 .text          0x0000000000000518      0x21c c:/ncs/toolchains/936afb6332/opt/zephyr-sdk/arm-zephyr-eabi/bin/../lib/gcc/arm-zephyr-eabi/12.2.0/thumb/v7e-m/nofp\libgcc.a(_arm_addsubsf3.o)
                0x0000000000000518                __aeabi_frsub
                0x0000000000000520                __subsf3
                0x0000000000000520                __aeabi_fsub
                0x0000000000000524                __aeabi_fadd
                0x0000000000000524                __addsf3
                0x0000000000000684                __aeabi_ui2f
                0x0000000000000684                __floatunsisf
                0x000000000000068c                __aeabi_i2f
                0x000000000000068c                __floatsisf
                0x00000000000006a8                __aeabi_ul2f
                0x00000000000006a8                __floatundisf
                0x00000000000006b8                __aeabi_l2f
                0x00000000000006b8                __floatdisf
 .text          0x0000000000000734      0x2a0 c:/ncs/toolchains/936afb6332/opt/zephyr-sdk/arm-zephyr-eabi/bin/../lib/gcc/arm-zephyr-eabi/12.2.0/thumb/v7e-m/nofp\libgcc.a(_arm_muldivsf3.o)
                0x0000000000000734                __mulsf3
                0x0000000000000734                __aeabi_fmul
                0x000000000000089c                __aeabi_fdiv
                0x000000000000089c                __divsf3
 .text          0x00000000000009d4       0xec c:/ncs/toolchains/936afb6332/opt/zephyr-sdk/arm-zephyr-eabi/bin/../lib/gcc/arm-zephyr-eabi/12.2.0/thumb/v7e-m/nofp\libgcc.a(_arm_cmpsf2.o)
                0x00000000000009d4                __gesf2
                0x00000000000009d4                __gtsf2
                0x00000000000009dc                __lesf2
                0x00000000000009dc                __ltsf2
                0x00000000000009e4                __nesf2
                0x00000000000009e4                __eqsf2
                0x00000000000009e4                __cmpsf2
                0x0000000000000a44                __aeabi_cfrcmple
                0x0000000000000a4c                __aeabi_cfcmpeq
                0x0000000000000a4c                __aeabi_cfcmple
                0x0000000000000a5c                __aeabi_fcmpeq
                0x0000000000000a70                __aeabi_fcmplt
                0x0000000000000a84                __aeabi_fcmple
                0x0000000000000a98                __aeabi_fcmpge
                0x0000000000000aac                __aeabi_fcmpgt
 .text          0x0000000000000ac0       0x4c c:/ncs/toolchains/936afb6332/opt/zephyr-sdk/arm-zephyr-eabi/bin/../lib/gcc/arm-zephyr-eabi/12.2.0/thumb/v7e-m/nofp\libgcc.a(_arm_fixsfsi.o)
                0x0000000000000ac0                __aeabi_f2iz
                0x0000000000000ac0                __fixsfsi
 .text          0x0000000000000b0c       0xa0 c:/ncs/toolchains/936afb6332/opt/zephyr-sdk/arm-zephyr-eabi/bin/../lib/gcc/arm-zephyr-eabi/12.2.0/thumb/v7e-m/nofp\libgcc.a(_aeabi_ldivmod.o)
                0x0000000000000b0c                __aeabi_ldivmod
 .text          0x0000000000000bac       0x30 c:/ncs/toolchains/936afb6332/opt/zephyr-sdk/arm-zephyr-eabi/bin/../lib/gcc/arm-zephyr-eabi/12.2.0/thumb/v7e-m/nofp\libgcc.a(_aeabi_uldivmod.o)
                0x0000000000000bac                __aeabi_uldivmod
 .text          0x0000000000000bdc        0x4 c:/ncs/toolchains/936afb6332/opt/zephyr-sdk/arm-zephyr-eabi/bin/../lib/gcc/arm-zephyr-eabi/12.2.0/thumb/v7e-m/nofp\libgcc.a(_dvmd_tls.o)
                0x0000000000000bdc                __aeabi_idiv0
                0x0000000000000bdc                __aeabi_ldiv0
 .text          0x0000000000000be0      0x2a0 c:/ncs/toolchains/936afb6332/opt/zephyr-sdk/arm-zephyr-eabi/bin/../lib/gcc/arm-zephyr-eabi/12.2.0/thumb/v7e-m/nofp\libgcc.a(_udivmoddi4.o)
                0x0000000000000be0                __udivmoddi4
 *(SORT_BY_ALIGNMENT(.text.*))
 .text.logf     0x0000000000000e80      0x258 c:\ncs\toolchains\936afb6332\opt\zephyr-sdk\arm-zephyr-eabi\bin\../lib/gcc/../../picolibc/arm-zephyr-eabi/lib/thumb/v7e-m/nofp\libc.a(libm_math_sf_log.c.o)
                0x0000000000000e80                logf
 .text.restart_receiver
                0x00000000000010d8       0x1c app/libapp.a(main.c.obj)
 .text.main     0x00000000000010f4      0xa68 app/libapp.a(main.c.obj)
                0x00000000000010f4                main
 .text.spi_init
                0x0000000000001b5c       0xb4 app/libapp.a(dw3000_port.c.obj)
                0x0000000000001b5c                spi_init
 .text.writetospi
                0x0000000000001c10       0x88 app/libapp.a(dw3000_port.c.obj)
                0x0000000000001c10                writetospi
 .text.readfromspi
                0x0000000000001c98       0xb4 app/libapp.a(dw3000_port.c.obj)
                0x0000000000001c98                readfromspi
 .text.interface_rx_enable
                0x0000000000001d4c       0xc4 app/libapp.a(deca_interface.c.obj)
                0x0000000000001d4c                interface_rx_enable
 .text.dwt_probe
                0x0000000000001e10       0x68 app/libapp.a(deca_compat.c.obj)
                0x0000000000001e10                dwt_probe
 .text.dwt_readdevid
                0x0000000000001e78       0x20 app/libapp.a(deca_compat.c.obj)
                0x0000000000001e78                dwt_readdevid
 .text.dwt_setlnapamode
                0x0000000000001e98       0x1c app/libapp.a(deca_compat.c.obj)
                0x0000000000001e98                dwt_setlnapamode
 .text.dwt_initialise
                0x0000000000001eb4       0x14 app/libapp.a(deca_compat.c.obj)
                0x0000000000001eb4                dwt_initialise
 .text.dwt_configure
                0x0000000000001ec8       0x14 app/libapp.a(deca_compat.c.obj)
                0x0000000000001ec8                dwt_configure
 .text.dwt_configuretxrf
                0x0000000000001edc       0x14 app/libapp.a(deca_compat.c.obj)
                0x0000000000001edc                dwt_configuretxrf
 .text.dwt_setrxantennadelay
                0x0000000000001ef0       0x24 app/libapp.a(deca_compat.c.obj)
                0x0000000000001ef0                dwt_setrxantennadelay
 .text.dwt_settxantennadelay
                0x0000000000001f14       0x24 app/libapp.a(deca_compat.c.obj)
                0x0000000000001f14                dwt_settxantennadelay
 .text.dwt_writetxdata
                0x0000000000001f38       0x20 app/libapp.a(deca_compat.c.obj)
                0x0000000000001f38                dwt_writetxdata
 .text.dwt_writetxfctrl
                0x0000000000001f58       0x20 app/libapp.a(deca_compat.c.obj)
                0x0000000000001f58                dwt_writetxfctrl
 .text.dwt_starttx
                0x0000000000001f78       0x24 app/libapp.a(deca_compat.c.obj)
                0x0000000000001f78                dwt_starttx
 .text.dwt_readtxtimestamp
                0x0000000000001f9c       0x1c app/libapp.a(deca_compat.c.obj)
                0x0000000000001f9c                dwt_readtxtimestamp
 .text.dwt_readrxtimestamp
                0x0000000000001fb8       0x14 app/libapp.a(deca_compat.c.obj)
                0x0000000000001fb8                dwt_readrxtimestamp
 .text.dwt_rxenable
                0x0000000000001fcc       0x14 app/libapp.a(deca_compat.c.obj)
                0x0000000000001fcc                dwt_rxenable
 .text.dwt_setrxtimeout
                0x0000000000001fe0       0x20 app/libapp.a(deca_compat.c.obj)
                0x0000000000001fe0                dwt_setrxtimeout
 .text.dwt_setpreambledetecttimeout
                0x0000000000002000       0x24 app/libapp.a(deca_compat.c.obj)
                0x0000000000002000                dwt_setpreambledetecttimeout
 .text.dwt_checkidlerc
                0x0000000000002024       0x28 app/libapp.a(deca_compat.c.obj)
                0x0000000000002024                dwt_checkidlerc
 .text.dwt_aon_read
                0x000000000000204c       0x28 app/libapp.a(deca_compat.c.obj)
                0x000000000000204c                dwt_aon_read
 .text.dwt_aon_write
                0x0000000000002074       0x24 app/libapp.a(deca_compat.c.obj)
                0x0000000000002074                dwt_aon_write
 .text.dwt_generatecrc8
                0x0000000000002098       0x20 app/libapp.a(deca_compat.c.obj)
                0x0000000000002098                dwt_generatecrc8
 .text.dwt_setrxaftertxdelay
                0x00000000000020b8       0x20 app/libapp.a(deca_compat.c.obj)
                0x00000000000020b8                dwt_setrxaftertxdelay
 .text.dwt_softreset
                0x00000000000020d8       0x20 app/libapp.a(deca_compat.c.obj)
                0x00000000000020d8                dwt_softreset
 .text.dwt_readrxdata
                0x00000000000020f8       0x20 app/libapp.a(deca_compat.c.obj)
                0x00000000000020f8                dwt_readrxdata
 .text.dwt_readclockoffset
                0x0000000000002118       0x28 app/libapp.a(deca_compat.c.obj)
                0x0000000000002118                dwt_readclockoffset
 .text.dwt_configciadiag
                0x0000000000002140       0x24 app/libapp.a(deca_compat.c.obj)
                0x0000000000002140                dwt_configciadiag
 .text.dwt_readdiagnostics
                0x0000000000002164       0x1c app/libapp.a(deca_compat.c.obj)
                0x0000000000002164                dwt_readdiagnostics
 .text.dwt_setleds
                0x0000000000002180       0x24 app/libapp.a(deca_compat.c.obj)
                0x0000000000002180                dwt_setleds
 .text.dwt_setxtaltrim
                0x00000000000021a4       0x24 app/libapp.a(deca_compat.c.obj)
                0x00000000000021a4                dwt_setxtaltrim
 .text.dwt_writesysstatuslo
                0x00000000000021c8       0x20 app/libapp.a(deca_compat.c.obj)
                0x00000000000021c8                dwt_writesysstatuslo
 .text.dwt_readsysstatuslo
                0x00000000000021e8       0x20 app/libapp.a(deca_compat.c.obj)
                0x00000000000021e8                dwt_readsysstatuslo
 .text.dwt_getframelength
                0x0000000000002208       0x30 app/libapp.a(deca_compat.c.obj)
                0x0000000000002208                dwt_getframelength
 .text.dwt_dbg_fn
                0x0000000000002238       0x10 app/libapp.a(dw3000_device.c.obj)
 .text.ull_increase_ch5_pll_ldo_tune
                0x0000000000002248       0x30 app/libapp.a(dw3000_device.c.obj)
 .text.ull_get_dgcdecision
                0x0000000000002278       0x14 app/libapp.a(dw3000_device.c.obj)
 .text.ull_setrxaftertxdelay
                0x000000000000228c       0x2c app/libapp.a(dw3000_device.c.obj)
 .text.ull_setlnapamode
                0x00000000000022b8       0x40 app/libapp.a(dw3000_device.c.obj)
 .text.ull_configurestskey
                0x00000000000022f8       0x48 app/libapp.a(dw3000_device.c.obj)
 .text.ull_configurestsiv
                0x0000000000002340       0x48 app/libapp.a(dw3000_device.c.obj)
 .text.ull_configmrxlut
                0x0000000000002388      0x104 app/libapp.a(dw3000_device.c.obj)
 .text.ull_readrxdata
                0x000000000000248c       0x64 app/libapp.a(dw3000_device.c.obj)
 .text.ull_disable_rftx_blocks
                0x00000000000024f0       0x10 app/libapp.a(dw3000_device.c.obj)
 .text.ull_repeated_frames
                0x0000000000002500       0x34 app/libapp.a(dw3000_device.c.obj)
 .text.dwt_otpreadword32
                0x0000000000002534       0x44 app/libapp.a(dw3000_device.c.obj)
 .text.ull_dis_otp_ips
                0x0000000000002578       0xdc app/libapp.a(dw3000_device.c.obj)
 .text.ull_getframelength
                0x0000000000002654       0x6c app/libapp.a(dw3000_device.c.obj)
 .text.ull_configciadiag
                0x00000000000026c0       0x5c app/libapp.a(dw3000_device.c.obj)
 .text.ull_clearaonconfig
                0x000000000000271c       0x44 app/libapp.a(dw3000_device.c.obj)
 .text.ull_aon_read
                0x0000000000002760       0x44 app/libapp.a(dw3000_device.c.obj)
 .text.ull_aon_write
                0x00000000000027a4       0x58 app/libapp.a(dw3000_device.c.obj)
 .text.ull_configuresleep
                0x00000000000027fc       0x5c app/libapp.a(dw3000_device.c.obj)
 .text.ull_writetxdata
                0x0000000000002858       0x5c app/libapp.a(dw3000_device.c.obj)
 .text.ull_run_pgfcal
                0x00000000000028b4       0xbc app/libapp.a(dw3000_device.c.obj)
 .text.ull_setpllbiastrim
                0x0000000000002970       0x2c app/libapp.a(dw3000_device.c.obj)
 .text.ull_isr  0x000000000000299c      0x2b4 app/libapp.a(dw3000_device.c.obj)
 .text.ull_readrxtimestamp
                0x0000000000002c50       0x38 app/libapp.a(dw3000_device.c.obj)
 .text.dwt_adjust_delaytime.part.0
                0x0000000000002c88       0x2c app/libapp.a(dw3000_device.c.obj)
 .text.ull_force_clocks.part.0
                0x0000000000002cb4       0x10 app/libapp.a(dw3000_device.c.obj)
 .text.ull_starttx
                0x0000000000002cc4       0xf0 app/libapp.a(dw3000_device.c.obj)
 .text.ull_force_clocks.constprop.0
                0x0000000000002db4       0x10 app/libapp.a(dw3000_device.c.obj)
 .text.ull_pgf_cal
                0x0000000000002dc4       0x54 app/libapp.a(dw3000_device.c.obj)
 .text.ull_readaccdata
                0x0000000000002e18       0x80 app/libapp.a(dw3000_device.c.obj)
 .text.ull_readcir
                0x0000000000002e98      0x160 app/libapp.a(dw3000_device.c.obj)
 .text.ull_setgpiovalue
                0x0000000000002ff8       0x20 app/libapp.a(dw3000_device.c.obj)
 .text.dwt_prog_ldo_and_bias_tune
                0x0000000000003018       0x30 app/libapp.a(dw3000_device.c.obj)
 .text.ull_restore_common
                0x0000000000003048       0x2c app/libapp.a(dw3000_device.c.obj)
 .text.ull_readsar.constprop.0
                0x0000000000003074       0xbc app/libapp.a(dw3000_device.c.obj)
 .text.ull_pll_ch9_auto_cal
                0x0000000000003130      0x234 app/libapp.a(dw3000_device.c.obj)
 .text.ull_setdwstate
                0x0000000000003364      0x12c app/libapp.a(dw3000_device.c.obj)
 .text.dwt_otpprogword32
                0x0000000000003490      0x168 app/libapp.a(dw3000_device.c.obj)
 .text.dwt_kick_dgc_on_wakeup
                0x00000000000035f8       0x20 app/libapp.a(dw3000_device.c.obj)
 .text.ull_update_dgc_config
                0x0000000000003618       0x30 app/libapp.a(dw3000_device.c.obj)
 .text.ull_setleds
                0x0000000000003648       0x84 app/libapp.a(dw3000_device.c.obj)
 .text.ull_disable_rf_tx
                0x00000000000036cc       0x58 app/libapp.a(dw3000_device.c.obj)
 .text.ull_writetxfctrl
                0x0000000000003724       0x40 app/libapp.a(dw3000_device.c.obj)
 .text.ull_enable_rf_tx
                0x0000000000003764       0x8c app/libapp.a(dw3000_device.c.obj)
 .text.ull_enable_rftx_blocks
                0x00000000000037f0       0x14 app/libapp.a(dw3000_device.c.obj)
 .text.ull_calcbandwidthadj
                0x0000000000003804       0x7c app/libapp.a(dw3000_device.c.obj)
 .text.ull_configuretxrf
                0x0000000000003880       0x38 app/libapp.a(dw3000_device.c.obj)
 .text.ull_restore_txrx
                0x00000000000038b8      0x1b4 app/libapp.a(dw3000_device.c.obj)
 .text.ull_repeated_cw
                0x0000000000003a6c       0x54 app/libapp.a(dw3000_device.c.obj)
 .text.config_sts_mnth
                0x0000000000003ac0       0x70 app/libapp.a(dw3000_device.c.obj)
 .text.ull_convert_tx_power_to_index
                0x0000000000003b30       0xd8 app/libapp.a(dw3000_device.c.obj)
 .text.ull_calculate_linear_tx_power
                0x0000000000003c08      0x178 app/libapp.a(dw3000_device.c.obj)
 .text.ull_pll_ch5_auto_cal
                0x0000000000003d80      0x294 app/libapp.a(dw3000_device.c.obj)
 .text.ull_setchannel
                0x0000000000004014      0x1a0 app/libapp.a(dw3000_device.c.obj)
 .text.ull_configure
                0x00000000000041b4      0x2d8 app/libapp.a(dw3000_device.c.obj)
 .text.ull_initialise
                0x000000000000448c      0x1e4 app/libapp.a(dw3000_device.c.obj)
 .text.dwt_ioctl
                0x0000000000004670     0x1aac app/libapp.a(dw3000_device.c.obj)
 .text.init     0x000000000000611c      0x1a4 app/libapp.a(dw3000_device.c.obj)
 .text.char_out
                0x00000000000062c0        0xc zephyr/libzephyr.a(printk.c.obj)
 .text.__printk_hook_install
                0x00000000000062cc        0xc zephyr/libzephyr.a(printk.c.obj)
                0x00000000000062cc                __printk_hook_install
 .text.vprintk  0x00000000000062d8       0x30 zephyr/libzephyr.a(printk.c.obj)
                0x00000000000062d8                vprintk
 .text.z_thread_entry
                0x0000000000006308       0x34 zephyr/libzephyr.a(thread_entry.c.obj)
                0x0000000000006308                z_thread_entry
 .text.process_event
                0x000000000000633c      0x21c zephyr/libzephyr.a(onoff.c.obj)
 .text.mem_attr_get_regions
                0x0000000000006558        0xc zephyr/libzephyr.a(mem_attr.c.obj)
                0x0000000000006558                mem_attr_get_regions
 .text.ncs_boot_banner
                0x0000000000006564       0x1c zephyr/libzephyr.a(banner.c.obj)
 .text.arch_bss_zero
                0x0000000000006580       0x18 zephyr/arch/common/libarch__common.a(init.c.obj)
                0x0000000000006580                arch_bss_zero
 .text.arch_data_copy
                0x0000000000006598       0x38 zephyr/arch/common/libarch__common.a(xip.c.obj)
                0x0000000000006598                arch_data_copy
 .text.z_arm_fatal_error
                0x00000000000065d0       0x60 zephyr/arch/arch/arm/core/libarch__arm__core.a(fatal.c.obj)
                0x00000000000065d0                z_arm_fatal_error
 .text.z_SysNmiOnReset
                0x0000000000006630        0x8 zephyr/arch/arch/arm/core/libarch__arm__core.a(nmi_on_reset.S.obj)
                0x0000000000006630                z_SysNmiOnReset
 .text.arch_tls_stack_setup
                0x0000000000006638       0x40 zephyr/arch/arch/arm/core/libarch__arm__core.a(tls.c.obj)
                0x0000000000006638                arch_tls_stack_setup
 .text._HandlerModeExit
                0x0000000000006678       0x20 zephyr/arch/arch/arm/core/cortex_m/libarch__arm__core__cortex_m.a(exc_exit.c.obj)
                0x0000000000006678                z_arm_int_exit
                0x0000000000006678                z_arm_exc_exit
 .text.mem_manage_fault
                0x0000000000006698       0xf0 zephyr/arch/arch/arm/core/cortex_m/libarch__arm__core__cortex_m.a(fault.c.obj)
 .text.usage_fault.constprop.0
                0x0000000000006788       0x98 zephyr/arch/arch/arm/core/cortex_m/libarch__arm__core__cortex_m.a(fault.c.obj)
 .text.bus_fault.constprop.0
                0x0000000000006820       0xb8 zephyr/arch/arch/arm/core/cortex_m/libarch__arm__core__cortex_m.a(fault.c.obj)
 .text.z_arm_fault
                0x00000000000068d8      0x1a0 zephyr/arch/arch/arm/core/cortex_m/libarch__arm__core__cortex_m.a(fault.c.obj)
                0x00000000000068d8                z_arm_fault
 .text.z_arm_fault_init
                0x0000000000006a78       0x18 zephyr/arch/arch/arm/core/cortex_m/libarch__arm__core__cortex_m.a(fault.c.obj)
                0x0000000000006a78                z_arm_fault_init
 .text.__fault  0x0000000000006a90       0x14 zephyr/arch/arch/arm/core/cortex_m/libarch__arm__core__cortex_m.a(fault_s.S.obj)
                0x0000000000006a90                z_arm_usage_fault
                0x0000000000006a90                z_arm_mpu_fault
                0x0000000000006a90                z_arm_exc_spurious
                0x0000000000006a90                z_arm_debug_monitor
                0x0000000000006a90                z_arm_hard_fault
                0x0000000000006a90                z_arm_bus_fault
 .text._reset_section
                0x0000000000006aa4       0x60 zephyr/arch/arch/arm/core/cortex_m/libarch__arm__core__cortex_m.a(reset.S.obj)
                0x0000000000006aa4                __start
                0x0000000000006aa4                z_arm_reset
 .text.z_arm_clear_arm_mpu_config
                0x0000000000006b04       0x24 zephyr/arch/arch/arm/core/cortex_m/libarch__arm__core__cortex_m.a(scb.c.obj)
                0x0000000000006b04                z_arm_clear_arm_mpu_config
 .text.z_arm_init_arch_hw_at_boot
                0x0000000000006b28       0x64 zephyr/arch/arch/arm/core/cortex_m/libarch__arm__core__cortex_m.a(scb.c.obj)
                0x0000000000006b28                z_arm_init_arch_hw_at_boot
 .text.z_impl_k_thread_abort
                0x0000000000006b8c       0x2c zephyr/arch/arch/arm/core/cortex_m/libarch__arm__core__cortex_m.a(thread_abort.c.obj)
                0x0000000000006b8c                z_impl_k_thread_abort
 .text.z_arm_pendsv
                0x0000000000006bb8       0x64 zephyr/arch/arch/arm/core/cortex_m/libarch__arm__core__cortex_m.a(swap_helper.S.obj)
                0x0000000000006bb8                z_arm_pendsv
 .text.z_arm_svc
                0x0000000000006c1c       0x24 zephyr/arch/arch/arm/core/cortex_m/libarch__arm__core__cortex_m.a(swap_helper.S.obj)
                0x0000000000006c1c                z_arm_svc
 .text.arm_irq_enable
                0x0000000000006c40       0x1c zephyr/arch/arch/arm/core/cortex_m/libarch__arm__core__cortex_m.a(irq_manage.c.obj)
                0x0000000000006c40                arm_irq_enable
 .text.arm_irq_disable
                0x0000000000006c5c       0x28 zephyr/arch/arch/arm/core/cortex_m/libarch__arm__core__cortex_m.a(irq_manage.c.obj)
                0x0000000000006c5c                arm_irq_disable
 .text.arm_irq_is_enabled
                0x0000000000006c84       0x1c zephyr/arch/arch/arm/core/cortex_m/libarch__arm__core__cortex_m.a(irq_manage.c.obj)
                0x0000000000006c84                arm_irq_is_enabled
 .text.arm_irq_priority_set
                0x0000000000006ca0       0x30 zephyr/arch/arch/arm/core/cortex_m/libarch__arm__core__cortex_m.a(irq_manage.c.obj)
                0x0000000000006ca0                arm_irq_priority_set
 .text.relocate_vector_table
                0x0000000000006cd0       0x1c zephyr/arch/arch/arm/core/cortex_m/libarch__arm__core__cortex_m.a(prep_c.c.obj)
                0x0000000000006cd0                relocate_vector_table
 .text.z_prep_c
                0x0000000000006cec       0x28 zephyr/arch/arch/arm/core/cortex_m/libarch__arm__core__cortex_m.a(prep_c.c.obj)
                0x0000000000006cec                z_prep_c
 .text.arch_new_thread
                0x0000000000006d14       0x38 zephyr/arch/arch/arm/core/cortex_m/libarch__arm__core__cortex_m.a(thread.c.obj)
                0x0000000000006d14                arch_new_thread
 .text.z_check_thread_stack_fail
                0x0000000000006d4c       0x30 zephyr/arch/arch/arm/core/cortex_m/libarch__arm__core__cortex_m.a(thread.c.obj)
                0x0000000000006d4c                z_check_thread_stack_fail
 .text.arch_switch_to_main_thread
                0x0000000000006d7c       0x40 zephyr/arch/arch/arm/core/cortex_m/libarch__arm__core__cortex_m.a(thread.c.obj)
                0x0000000000006d7c                arch_switch_to_main_thread
 .text.z_arm_cpu_idle_init
                0x0000000000006dbc        0xc zephyr/arch/arch/arm/core/cortex_m/libarch__arm__core__cortex_m.a(cpu_idle.c.obj)
                0x0000000000006dbc                z_arm_cpu_idle_init
 .text.z_arm_interrupt_init
                0x0000000000006dc8       0x18 zephyr/arch/arch/arm/core/cortex_m/libarch__arm__core__cortex_m.a(irq_init.c.obj)
                0x0000000000006dc8                z_arm_interrupt_init
 .text._isr_wrapper
                0x0000000000006de0       0x24 zephyr/arch/arch/arm/core/cortex_m/libarch__arm__core__cortex_m.a(isr_wrapper.c.obj)
                0x0000000000006de0                _isr_wrapper
 .text.z_arm_configure_static_mpu_regions
                0x0000000000006e04       0x18 zephyr/arch/arch/arm/core/mpu/libarch__arm__core__mpu.a(arm_core_mpu.c.obj)
                0x0000000000006e04                z_arm_configure_static_mpu_regions
 .text.z_arm_configure_dynamic_mpu_regions
                0x0000000000006e1c       0x24 zephyr/arch/arch/arm/core/mpu/libarch__arm__core__mpu.a(arm_core_mpu.c.obj)
                0x0000000000006e1c                z_arm_configure_dynamic_mpu_regions
 .text.region_init
                0x0000000000006e40       0x28 zephyr/arch/arch/arm/core/mpu/libarch__arm__core__mpu.a(arm_mpu.c.obj)
 .text.mpu_configure_regions
                0x0000000000006e68       0x6c zephyr/arch/arch/arm/core/mpu/libarch__arm__core__mpu.a(arm_mpu.c.obj)
 .text.arm_core_mpu_enable
                0x0000000000006ed4       0x18 zephyr/arch/arch/arm/core/mpu/libarch__arm__core__mpu.a(arm_mpu.c.obj)
                0x0000000000006ed4                arm_core_mpu_enable
 .text.arm_core_mpu_disable
                0x0000000000006eec       0x14 zephyr/arch/arch/arm/core/mpu/libarch__arm__core__mpu.a(arm_mpu.c.obj)
                0x0000000000006eec                arm_core_mpu_disable
 .text.arm_core_mpu_configure_static_mpu_regions
                0x0000000000006f00       0x14 zephyr/arch/arch/arm/core/mpu/libarch__arm__core__mpu.a(arm_mpu.c.obj)
                0x0000000000006f00                arm_core_mpu_configure_static_mpu_regions
 .text.arm_core_mpu_configure_dynamic_mpu_regions
                0x0000000000006f14       0x38 zephyr/arch/arch/arm/core/mpu/libarch__arm__core__mpu.a(arm_mpu.c.obj)
                0x0000000000006f14                arm_core_mpu_configure_dynamic_mpu_regions
 .text.z_arm_mpu_init
                0x0000000000006f4c      0x188 zephyr/arch/arch/arm/core/mpu/libarch__arm__core__mpu.a(arm_mpu.c.obj)
                0x0000000000006f4c                z_arm_mpu_init
 .text.z_impl_zephyr_fputc
                0x00000000000070d4       0x10 zephyr/lib/libc/picolibc/liblib__libc__picolibc.a(stdio.c.obj)
                0x00000000000070d4                z_impl_zephyr_fputc
 .text.__stdout_hook_install
                0x00000000000070e4       0x18 zephyr/lib/libc/picolibc/liblib__libc__picolibc.a(stdio.c.obj)
                0x00000000000070e4                __stdout_hook_install
 .text.abort    0x00000000000070fc       0x1c zephyr/lib/libc/common/liblib__libc__common.a(abort.c.obj)
                0x00000000000070fc                abort
 .text.malloc_prepare
                0x0000000000007118       0x24 zephyr/lib/libc/common/liblib__libc__common.a(malloc.c.obj)
 .text.nordicsemi_nrf52_init
                0x000000000000713c       0x18 zephyr/soc/soc/nrf52833/libsoc__nordic.a(soc.c.obj)
 .text.arch_busy_wait
                0x0000000000007154       0x24 zephyr/soc/soc/nrf52833/libsoc__nordic.a(soc.c.obj)
                0x0000000000007154                arch_busy_wait
 .text.onoff_stop
                0x0000000000007178       0x30 zephyr/drivers/clock_control/libdrivers__clock_control.a(clock_control_nrf.c.obj)
 .text.onoff_start
                0x00000000000071a8       0x44 zephyr/drivers/clock_control/libdrivers__clock_control.a(clock_control_nrf.c.obj)
 .text.clk_init
                0x00000000000071ec       0x58 zephyr/drivers/clock_control/libdrivers__clock_control.a(clock_control_nrf.c.obj)
 .text.api_blocking_start
                0x0000000000007244       0x34 zephyr/drivers/clock_control/libdrivers__clock_control.a(clock_control_nrf.c.obj)
 .text.generic_hfclk_stop
                0x0000000000007278       0x34 zephyr/drivers/clock_control/libdrivers__clock_control.a(clock_control_nrf.c.obj)
 .text.clkstarted_handle.constprop.0
                0x00000000000072ac       0x4c zephyr/drivers/clock_control/libdrivers__clock_control.a(clock_control_nrf.c.obj)
 .text.generic_hfclk_start
                0x00000000000072f8       0x78 zephyr/drivers/clock_control/libdrivers__clock_control.a(clock_control_nrf.c.obj)
 .text.clock_event_handler
                0x0000000000007370       0x1c zephyr/drivers/clock_control/libdrivers__clock_control.a(clock_control_nrf.c.obj)
 .text.z_nrf_clock_control_lf_on
                0x000000000000738c       0xfc zephyr/drivers/clock_control/libdrivers__clock_control.a(clock_control_nrf.c.obj)
                0x000000000000738c                z_nrf_clock_control_lf_on
 .text.uart_console_init
                0x0000000000007488       0x28 zephyr/drivers/console/libdrivers__console.a(uart_console.c.obj)
 .text.console_out
                0x00000000000074b0       0x28 zephyr/drivers/console/libdrivers__console.a(uart_console.c.obj)
 .text.gpio_nrfx_pin_interrupt_configure
                0x00000000000074d8      0x104 zephyr/drivers/gpio/libdrivers__gpio.a(gpio_nrfx.c.obj)
 .text.nrfx_gpio_handler
                0x00000000000075dc       0x4c zephyr/drivers/gpio/libdrivers__gpio.a(gpio_nrfx.c.obj)
 .text.gpio_nrfx_init
                0x0000000000007628       0x3c zephyr/drivers/gpio/libdrivers__gpio.a(gpio_nrfx.c.obj)
 .text.gpio_nrfx_pin_configure
                0x0000000000007664      0x180 zephyr/drivers/gpio/libdrivers__gpio.a(gpio_nrfx.c.obj)
 .text.nrf_gpio_pin_port_decode
                0x00000000000077e4       0x20 zephyr/drivers/pinctrl/libdrivers__pinctrl.a(pinctrl_nrf.c.obj)
 .text.pinctrl_configure_pins
                0x0000000000007804      0x15c zephyr/drivers/pinctrl/libdrivers__pinctrl.a(pinctrl_nrf.c.obj)
                0x0000000000007804                pinctrl_configure_pins
 .text.uart_nrfx_poll_in
                0x0000000000007960       0x24 zephyr/drivers/serial/libdrivers__serial.a(uart_nrfx_uart.c.obj)
 .text.uart_nrfx_err_check
                0x0000000000007984       0x10 zephyr/drivers/serial/libdrivers__serial.a(uart_nrfx_uart.c.obj)
 .text.uart_nrfx_poll_out
                0x0000000000007994       0x7c zephyr/drivers/serial/libdrivers__serial.a(uart_nrfx_uart.c.obj)
 .text.uart_nrfx_init
                0x0000000000007a10      0x1bc zephyr/drivers/serial/libdrivers__serial.a(uart_nrfx_uart.c.obj)
 .text.spi_nrfx_transceive
                0x0000000000007bcc      0x350 zephyr/drivers/spi/libdrivers__spi.a(spi_nrfx_spim.c.obj)
 .text.nrf_gpio_cfg_input
                0x0000000000007f1c       0x40 zephyr/drivers/spi/libdrivers__spi.a(spi_nrfx_common.c.obj)
 .text.compare_int_lock
                0x0000000000007f5c       0x48 zephyr/drivers/timer/libdrivers__timer.a(nrf_rtc_timer.c.obj)
 .text.sys_clock_timeout_handler
                0x0000000000007fa4       0x48 zephyr/drivers/timer/libdrivers__timer.a(nrf_rtc_timer.c.obj)
 .text.compare_int_unlock
                0x0000000000007fec       0x5c zephyr/drivers/timer/libdrivers__timer.a(nrf_rtc_timer.c.obj)
 .text.z_nrf_rtc_timer_read
                0x0000000000008048       0x44 zephyr/drivers/timer/libdrivers__timer.a(nrf_rtc_timer.c.obj)
                0x0000000000008048                z_nrf_rtc_timer_read
 .text.compare_set
                0x000000000000808c      0x130 zephyr/drivers/timer/libdrivers__timer.a(nrf_rtc_timer.c.obj)
 .text.sys_clock_driver_init
                0x00000000000081bc       0x90 zephyr/drivers/timer/libdrivers__timer.a(nrf_rtc_timer.c.obj)
 .text.rtc_nrf_isr
                0x000000000000824c       0xd4 zephyr/drivers/timer/libdrivers__timer.a(nrf_rtc_timer.c.obj)
                0x000000000000824c                rtc_nrf_isr
 .text.sys_clock_set_timeout
                0x0000000000008320       0x5c zephyr/drivers/timer/libdrivers__timer.a(nrf_rtc_timer.c.obj)
                0x0000000000008320                sys_clock_set_timeout
 .text.sys_clock_elapsed
                0x000000000000837c       0x14 zephyr/drivers/timer/libdrivers__timer.a(nrf_rtc_timer.c.obj)
                0x000000000000837c                sys_clock_elapsed
 .text.nvmc_wait
                0x0000000000008390       0x10 modules/hal_nordic/modules/hal_nordic/nrfx/libnrfx.a(system_nrf52833.c.obj)
                0x0000000000008390                nvmc_wait
 .text.SystemInit
                0x00000000000083a0      0x14c modules/hal_nordic/modules/hal_nordic/nrfx/libnrfx.a(system_nrf52833.c.obj)
                0x00000000000083a0                SystemInit
 .text.hfclk_event_handler
                0x00000000000084ec        0xc modules/hal_nordic/modules/hal_nordic/nrfx/libnrfx.a(nrfx_clock.c.obj)
 .text.lfclk_event_handler
                0x00000000000084f8        0xc modules/hal_nordic/modules/hal_nordic/nrfx/libnrfx.a(nrfx_clock.c.obj)
 .text.nrfx_clock_init
                0x0000000000008504       0x40 modules/hal_nordic/modules/hal_nordic/nrfx/libnrfx.a(nrfx_clock.c.obj)
                0x0000000000008504                nrfx_clock_init
 .text.nrfx_clock_enable
                0x0000000000008544       0x20 modules/hal_nordic/modules/hal_nordic/nrfx/libnrfx.a(nrfx_clock.c.obj)
                0x0000000000008544                nrfx_clock_enable
 .text.nrfx_clock_hfclk_init
                0x0000000000008564       0x1c modules/hal_nordic/modules/hal_nordic/nrfx/libnrfx.a(nrfx_clock_hfclk.c.obj)
                0x0000000000008564                nrfx_clock_hfclk_init
 .text.nrfx_clock_hfclk_start
                0x0000000000008580       0x38 modules/hal_nordic/modules/hal_nordic/nrfx/libnrfx.a(nrfx_clock_hfclk.c.obj)
                0x0000000000008580                nrfx_clock_hfclk_start
 .text.nrfx_clock_hfclk_irq_handler
                0x00000000000085b8       0x30 modules/hal_nordic/modules/hal_nordic/nrfx/libnrfx.a(nrfx_clock_hfclk.c.obj)
                0x00000000000085b8                nrfx_clock_hfclk_irq_handler
 .text.nrfx_clock_lfclk_init
                0x00000000000085e8       0x24 modules/hal_nordic/modules/hal_nordic/nrfx/libnrfx.a(nrfx_clock_lfclk.c.obj)
                0x00000000000085e8                nrfx_clock_lfclk_init
 .text.nrfx_clock_lfclk_start
                0x000000000000860c       0x80 modules/hal_nordic/modules/hal_nordic/nrfx/libnrfx.a(nrfx_clock_lfclk.c.obj)
                0x000000000000860c                nrfx_clock_lfclk_start
 .text.nrfx_clock_lfclk_irq_handler
                0x000000000000868c       0x70 modules/hal_nordic/modules/hal_nordic/nrfx/libnrfx.a(nrfx_clock_lfclk.c.obj)
                0x000000000000868c                nrfx_clock_lfclk_irq_handler
 .text.nrf_gpio_pin_port_decode
                0x00000000000086fc       0x20 modules/hal_nordic/modules/hal_nordic/nrfx/libnrfx.a(nrfx_gpiote.c.obj)
 .text.get_pin_idx
                0x000000000000871c       0x14 modules/hal_nordic/modules/hal_nordic/nrfx/libnrfx.a(nrfx_gpiote.c.obj)
 .text.latch_pending_read_and_check
                0x0000000000008730       0x64 modules/hal_nordic/modules/hal_nordic/nrfx/libnrfx.a(nrfx_gpiote.c.obj)
 .text.pin_uninit
                0x0000000000008794       0x7c modules/hal_nordic/modules/hal_nordic/nrfx/libnrfx.a(nrfx_gpiote.c.obj)
 .text.nrfx_gpiote_channel_free
                0x0000000000008810        0xc modules/hal_nordic/modules/hal_nordic/nrfx/libnrfx.a(nrfx_gpiote.c.obj)
                0x0000000000008810                nrfx_gpiote_channel_free
 .text.nrfx_gpiote_channel_alloc
                0x000000000000881c       0x18 modules/hal_nordic/modules/hal_nordic/nrfx/libnrfx.a(nrfx_gpiote.c.obj)
                0x000000000000881c                nrfx_gpiote_channel_alloc
 .text.nrfx_gpiote_irq_handler
                0x0000000000008834      0x1d0 modules/hal_nordic/modules/hal_nordic/nrfx/libnrfx.a(nrfx_gpiote.c.obj)
                0x0000000000008834                nrfx_gpiote_irq_handler
 .text.nrf_gpio_pin_port_decode
                0x0000000000008a04       0x20 modules/hal_nordic/modules/hal_nordic/nrfx/libnrfx.a(nrfx_spim.c.obj)
 .text.spim_frequency_valid_check.constprop.0
                0x0000000000008a24       0x64 modules/hal_nordic/modules/hal_nordic/nrfx/libnrfx.a(nrfx_spim.c.obj)
 .text.pin_init.constprop.0
                0x0000000000008a88       0x4c modules/hal_nordic/modules/hal_nordic/nrfx/libnrfx.a(nrfx_spim.c.obj)
 .text.spim_configure
                0x0000000000008ad4      0x1d8 modules/hal_nordic/modules/hal_nordic/nrfx/libnrfx.a(nrfx_spim.c.obj)
 .text.spim_pin_uninit
                0x0000000000008cac       0x30 modules/hal_nordic/modules/hal_nordic/nrfx/libnrfx.a(nrfx_spim.c.obj)
 .text.nrfx_spim_uninit
                0x0000000000008cdc       0x70 modules/hal_nordic/modules/hal_nordic/nrfx/libnrfx.a(nrfx_spim.c.obj)
                0x0000000000008cdc                nrfx_spim_uninit
 .text.z_fatal_error
                0x0000000000008d4c       0x30 zephyr/kernel/libkernel.a(fatal.c.obj)
                0x0000000000008d4c                z_fatal_error
 .text.z_sys_init_run_level
                0x0000000000008d7c       0x30 zephyr/kernel/libkernel.a(init.c.obj)
 .text.bg_thread_main
                0x0000000000008dac       0xc0 zephyr/kernel/libkernel.a(init.c.obj)
 .text.z_init_cpu
                0x0000000000008e6c       0x78 zephyr/kernel/libkernel.a(init.c.obj)
                0x0000000000008e6c                z_init_cpu
 .text.z_cstart
                0x0000000000008ee4       0xcc zephyr/kernel/libkernel.a(init.c.obj)
                0x0000000000008ee4                z_cstart
 .text.z_impl_k_sem_give
                0x0000000000008fb0       0x68 zephyr/kernel/libkernel.a(sem.c.obj)
                0x0000000000008fb0                z_impl_k_sem_give
 .text.z_impl_k_sem_take
                0x0000000000009018       0x4c zephyr/kernel/libkernel.a(sem.c.obj)
                0x0000000000009018                z_impl_k_sem_take
 .text.z_impl_k_sem_reset
                0x0000000000009064       0x74 zephyr/kernel/libkernel.a(sem.c.obj)
                0x0000000000009064                z_impl_k_sem_reset
 .text.z_setup_new_thread
                0x00000000000090d8       0xec zephyr/kernel/libkernel.a(thread.c.obj)
                0x00000000000090d8                z_setup_new_thread
 .text.z_dummy_thread_init
                0x00000000000091c4       0x1c zephyr/kernel/libkernel.a(thread.c.obj)
                0x00000000000091c4                z_dummy_thread_init
 .text.z_swap_irqlock
                0x00000000000091e0       0x34 zephyr/kernel/libkernel.a(sched.c.obj)
 .text.ready_thread
                0x0000000000009214       0x84 zephyr/kernel/libkernel.a(sched.c.obj)
 .text.unready_thread
                0x0000000000009298       0x54 zephyr/kernel/libkernel.a(sched.c.obj)
 .text.add_thread_timeout
                0x00000000000092ec       0x1c zephyr/kernel/libkernel.a(sched.c.obj)
 .text.move_current_to_end_of_prio_q
                0x0000000000009308       0x70 zephyr/kernel/libkernel.a(sched.c.obj)
                0x0000000000009308                move_current_to_end_of_prio_q
 .text.z_pend_curr
                0x0000000000009378       0x44 zephyr/kernel/libkernel.a(sched.c.obj)
                0x0000000000009378                z_pend_curr
 .text.z_reschedule
                0x00000000000093bc       0x24 zephyr/kernel/libkernel.a(sched.c.obj)
                0x00000000000093bc                z_reschedule
 .text.z_reschedule_irqlock
                0x00000000000093e0       0x28 zephyr/kernel/libkernel.a(sched.c.obj)
                0x00000000000093e0                z_reschedule_irqlock
 .text.k_sched_lock
                0x0000000000009408       0x28 zephyr/kernel/libkernel.a(sched.c.obj)
                0x0000000000009408                k_sched_lock
 .text.k_sched_unlock
                0x0000000000009430       0x68 zephyr/kernel/libkernel.a(sched.c.obj)
                0x0000000000009430                k_sched_unlock
 .text.z_sched_init
                0x0000000000009498       0x10 zephyr/kernel/libkernel.a(sched.c.obj)
                0x0000000000009498                z_sched_init
 .text.z_impl_k_yield
                0x00000000000094a8       0x88 zephyr/kernel/libkernel.a(sched.c.obj)
                0x00000000000094a8                z_impl_k_yield
 .text.z_tick_sleep
                0x0000000000009530       0x78 zephyr/kernel/libkernel.a(sched.c.obj)
 .text.z_impl_k_usleep
                0x00000000000095a8       0x3c zephyr/kernel/libkernel.a(sched.c.obj)
                0x00000000000095a8                z_impl_k_usleep
 .text.z_impl_k_wakeup
                0x00000000000095e4       0x48 zephyr/kernel/libkernel.a(sched.c.obj)
                0x00000000000095e4                z_impl_k_wakeup
 .text.z_impl_k_sched_current_thread_query
                0x000000000000962c        0xc zephyr/kernel/libkernel.a(sched.c.obj)
                0x000000000000962c                z_impl_k_sched_current_thread_query
 .text.z_thread_abort
                0x0000000000009638      0x144 zephyr/kernel/libkernel.a(sched.c.obj)
                0x0000000000009638                z_thread_abort
 .text.z_time_slice_size
                0x000000000000977c       0x40 zephyr/kernel/libkernel.a(timeslicing.c.obj)
 .text.slice_timeout
                0x00000000000097bc       0x20 zephyr/kernel/libkernel.a(timeslicing.c.obj)
 .text.z_reset_time_slice
                0x00000000000097dc       0x48 zephyr/kernel/libkernel.a(timeslicing.c.obj)
                0x00000000000097dc                z_reset_time_slice
 .text.z_time_slice
                0x0000000000009824       0x5c zephyr/kernel/libkernel.a(timeslicing.c.obj)
                0x0000000000009824                z_time_slice
 .text.z_thread_monitor_exit
                0x0000000000009880       0x3c zephyr/kernel/libkernel.a(thread_monitor.c.obj)
                0x0000000000009880                z_thread_monitor_exit
 .text.first    0x00000000000098bc       0x10 zephyr/kernel/libkernel.a(timeout.c.obj)
 .text.elapsed  0x00000000000098cc       0x14 zephyr/kernel/libkernel.a(timeout.c.obj)
 .text.remove_timeout
                0x00000000000098e0       0x38 zephyr/kernel/libkernel.a(timeout.c.obj)
 .text.z_add_timeout
                0x0000000000009918      0x120 zephyr/kernel/libkernel.a(timeout.c.obj)
                0x0000000000009918                z_add_timeout
 .text.sys_clock_announce
                0x0000000000009a38       0xc0 zephyr/kernel/libkernel.a(timeout.c.obj)
                0x0000000000009a38                sys_clock_announce
 .text.sys_clock_tick_get
                0x0000000000009af8       0x30 zephyr/kernel/libkernel.a(timeout.c.obj)
                0x0000000000009af8                sys_clock_tick_get
 .text.skip_to_arg
                0x0000000000009b28      0x138 c:\ncs\toolchains\936afb6332\opt\zephyr-sdk\arm-zephyr-eabi\bin\../lib/gcc/../../picolibc/arm-zephyr-eabi/lib/thumb/v7e-m/nofp\libc.a(libc_tinystdio_vfprintf.c.o)
 .text.vfprintf
                0x0000000000009c60      0x9c4 c:\ncs\toolchains\936afb6332\opt\zephyr-sdk\arm-zephyr-eabi\bin\../lib/gcc/../../picolibc/arm-zephyr-eabi/lib/thumb/v7e-m/nofp\libc.a(libc_tinystdio_vfprintf.c.o)
                0x0000000000009c60                __d_vfprintf
 .text.div10    0x000000000000a624       0x28 c:\ncs\toolchains\936afb6332\opt\zephyr-sdk\arm-zephyr-eabi\bin\../lib/gcc/../../picolibc/arm-zephyr-eabi/lib/thumb/v7e-m/nofp\libc.a(libc_tinystdio_dtoa_ryu.c.o)
 .text.__dtoa_engine
                0x000000000000a64c      0x49c c:\ncs\toolchains\936afb6332\opt\zephyr-sdk\arm-zephyr-eabi\bin\../lib/gcc/../../picolibc/arm-zephyr-eabi/lib/thumb/v7e-m/nofp\libc.a(libc_tinystdio_dtoa_ryu.c.o)
                0x000000000000a64c                __dtoa_engine
 .text.__log10Pow2
                0x000000000000aae8        0xc c:\ncs\toolchains\936afb6332\opt\zephyr-sdk\arm-zephyr-eabi\bin\../lib/gcc/../../picolibc/arm-zephyr-eabi/lib/thumb/v7e-m/nofp\libc.a(libc_tinystdio_ryu_log10.c.o)
                0x000000000000aae8                __log10Pow2
 .text.__log10Pow5
                0x000000000000aaf4        0xc c:\ncs\toolchains\936afb6332\opt\zephyr-sdk\arm-zephyr-eabi\bin\../lib/gcc/../../picolibc/arm-zephyr-eabi/lib/thumb/v7e-m/nofp\libc.a(libc_tinystdio_ryu_log10.c.o)
                0x000000000000aaf4                __log10Pow5
 .text.__pow5bits
                0x000000000000ab00       0x10 c:\ncs\toolchains\936afb6332\opt\zephyr-sdk\arm-zephyr-eabi\bin\../lib/gcc/../../picolibc/arm-zephyr-eabi/lib/thumb/v7e-m/nofp\libc.a(libc_tinystdio_ryu_pow5bits.c.o)
                0x000000000000ab00                __pow5bits
 .text.__pow5Factor
                0x000000000000ab10       0x30 c:\ncs\toolchains\936afb6332\opt\zephyr-sdk\arm-zephyr-eabi\bin\../lib/gcc/../../picolibc/arm-zephyr-eabi/lib/thumb/v7e-m/nofp\libc.a(libc_tinystdio_ryu_table.c.o)
                0x000000000000ab10                __pow5Factor
 .text.__double_computePow5
                0x000000000000ab40       0xe8 c:\ncs\toolchains\936afb6332\opt\zephyr-sdk\arm-zephyr-eabi\bin\../lib/gcc/../../picolibc/arm-zephyr-eabi/lib/thumb/v7e-m/nofp\libc.a(libc_tinystdio_ryu_table.c.o)
                0x000000000000ab40                __double_computePow5
 .text.__double_computeInvPow5
                0x000000000000ac28       0xf8 c:\ncs\toolchains\936afb6332\opt\zephyr-sdk\arm-zephyr-eabi\bin\../lib/gcc/../../picolibc/arm-zephyr-eabi/lib/thumb/v7e-m/nofp\libc.a(libc_tinystdio_ryu_table.c.o)
                0x000000000000ac28                __double_computeInvPow5
 .text.expf     0x000000000000ad20      0x1f0 c:\ncs\toolchains\936afb6332\opt\zephyr-sdk\arm-zephyr-eabi\bin\../lib/gcc/../../picolibc/arm-zephyr-eabi/lib/thumb/v7e-m/nofp\libc.a(libm_math_sf_exp.c.o)
                0x000000000000ad20                expf
 .text.log10f   0x000000000000af10       0xa0 c:\ncs\toolchains\936afb6332\opt\zephyr-sdk\arm-zephyr-eabi\bin\../lib/gcc/../../picolibc/arm-zephyr-eabi/lib/thumb/v7e-m/nofp\libc.a(libm_math_sf_log10.c.o)
                0x000000000000af10                log10f
 .text.__math_oflowf
                0x000000000000afb0       0x10 c:\ncs\toolchains\936afb6332\opt\zephyr-sdk\arm-zephyr-eabi\bin\../lib/gcc/../../picolibc/arm-zephyr-eabi/lib/thumb/v7e-m/nofp\libc.a(libm_common_math_errf_oflowf.c.o)
                0x000000000000afb0                __math_oflowf
 .text.__math_divzerof
                0x000000000000afc0       0x10 c:\ncs\toolchains\936afb6332\opt\zephyr-sdk\arm-zephyr-eabi\bin\../lib/gcc/../../picolibc/arm-zephyr-eabi/lib/thumb/v7e-m/nofp\libc.a(libm_common_math_errf_divzerof.c.o)
                0x000000000000afc0                __math_divzerof
 .text.__math_invalidf
                0x000000000000afd0       0x10 c:\ncs\toolchains\936afb6332\opt\zephyr-sdk\arm-zephyr-eabi\bin\../lib/gcc/../../picolibc/arm-zephyr-eabi/lib/thumb/v7e-m/nofp\libc.a(libm_common_math_errf_invalidf.c.o)
                0x000000000000afd0                __math_invalidf
 .text.__fpclassifyf
                0x000000000000afe0       0x34 c:\ncs\toolchains\936afb6332\opt\zephyr-sdk\arm-zephyr-eabi\bin\../lib/gcc/../../picolibc/arm-zephyr-eabi/lib/thumb/v7e-m/nofp\libc.a(libm_common_sf_fpclassify.c.o)
                0x000000000000afe0                __fpclassifyf
 .text._OffsetAbsSyms
                0x000000000000b014        0x2 zephyr/CMakeFiles/offsets.dir/./arch/arm/core/offsets/offsets.c.obj
                0x000000000000b014                _OffsetAbsSyms
 .text.k_uptime_get
                0x000000000000b016       0x1c app/libapp.a(main.c.obj)
 .text.k_sleep.isra.0
                0x000000000000b032        0x4 app/libapp.a(main.c.obj)
 .text.gpio_pin_configure.constprop.0.isra.0
                0x000000000000b036       0x1c app/libapp.a(dw3000_port.c.obj)
 .text.gpio_pin_set.isra.0
                0x000000000000b052       0x20 app/libapp.a(dw3000_port.c.obj)
 .text.deca_usleep
                0x000000000000b072        0x4 app/libapp.a(port.c.obj)
                0x000000000000b072                deca_usleep
 .text.deca_sleep
                0x000000000000b076       0x26 app/libapp.a(port.c.obj)
                0x000000000000b076                deca_sleep
 .text.decamutexon
                0x000000000000b09c        0x4 app/libapp.a(port.c.obj)
                0x000000000000b09c                decamutexon
 .text.decamutexoff
                0x000000000000b0a0        0x2 app/libapp.a(port.c.obj)
                0x000000000000b0a0                decamutexoff
 .text.rsl_calculate_signal_power
                0x000000000000b0a2        0x4 app/libapp.a(port.c.obj)
                0x000000000000b0a2                rsl_calculate_signal_power
 .text.rsl_calculate_first_path_power
                0x000000000000b0a6        0x4 app/libapp.a(port.c.obj)
                0x000000000000b0a6                rsl_calculate_first_path_power
 .text.port_set_dw_ic_spi_slowrate
                0x000000000000b0aa        0x2 app/libapp.a(port.c.obj)
                0x000000000000b0aa                port_set_dw_ic_spi_slowrate
 .text.port_set_dw_ic_spi_fastrate
                0x000000000000b0ac        0x2 app/libapp.a(port.c.obj)
                0x000000000000b0ac                port_set_dw_ic_spi_fastrate
 .text.wakeup_device_with_io
                0x000000000000b0ae        0x8 app/libapp.a(port.c.obj)
                0x000000000000b0ae                wakeup_device_with_io
 .text.writetospiwithcrc
                0x000000000000b0b6        0x4 app/libapp.a(port.c.obj)
                0x000000000000b0b6                writetospiwithcrc
 .text.coex_gpio.isra.0
                0x000000000000b0ba       0x58 app/libapp.a(deca_interface.c.obj)
 .text.coex_stop.isra.0
                0x000000000000b112       0x12 app/libapp.a(deca_interface.c.obj)
 .text.interface_tx_frame
                0x000000000000b124       0x92 app/libapp.a(deca_interface.c.obj)
                0x000000000000b124                interface_tx_frame
 .text.interface_get_timestamp
                0x000000000000b1b6       0x1e app/libapp.a(deca_interface.c.obj)
                0x000000000000b1b6                interface_get_timestamp
 .text.interface_rx_disable
                0x000000000000b1d4       0x14 app/libapp.a(deca_interface.c.obj)
                0x000000000000b1d4                interface_rx_disable
 .text.interface_read_rx_frame
                0x000000000000b1e8       0x1e app/libapp.a(deca_interface.c.obj)
                0x000000000000b1e8                interface_read_rx_frame
 .text.deinit   0x000000000000b206        0x2 app/libapp.a(dw3000_device.c.obj)
 .text.dwt_xfer3xxx
                0x000000000000b208      0x132 app/libapp.a(dw3000_device.c.obj)
 .text.dwt_modify8bitoffsetreg
                0x000000000000b33a       0x24 app/libapp.a(dw3000_device.c.obj)
 .text.ull_setpllrxprebufen
                0x000000000000b35e       0x2c app/libapp.a(dw3000_device.c.obj)
 .text.prs_ack_enable
                0x000000000000b38a       0x22 app/libapp.a(dw3000_device.c.obj)
 .text.ull_readfromdevice
                0x000000000000b3ac       0x12 app/libapp.a(dw3000_device.c.obj)
 .text.dwt_read32bitoffsetreg
                0x000000000000b3be       0x1e app/libapp.a(dw3000_device.c.obj)
 .text.dwt_read16bitoffsetreg
                0x000000000000b3dc       0x16 app/libapp.a(dw3000_device.c.obj)
 .text.dwt_read8bitoffsetreg
                0x000000000000b3f2       0x18 app/libapp.a(dw3000_device.c.obj)
 .text.ull_readdiagnostics
                0x000000000000b40a      0x322 app/libapp.a(dw3000_device.c.obj)
 .text.ull_readdiagnostics_acc
                0x000000000000b72c      0x158 app/libapp.a(dw3000_device.c.obj)
 .text.ull_writetodevice
                0x000000000000b884       0x14 app/libapp.a(dw3000_device.c.obj)
 .text.dwt_write32bitoffsetreg
                0x000000000000b898       0x14 app/libapp.a(dw3000_device.c.obj)
 .text.dwt_write16bitoffsetreg
                0x000000000000b8ac       0x16 app/libapp.a(dw3000_device.c.obj)
 .text.dwt_otp_write_wdata_id_reg
                0x000000000000b8c2       0x28 app/libapp.a(dw3000_device.c.obj)
 .text.dwt_write8bitoffsetreg
                0x000000000000b8ea       0x18 app/libapp.a(dw3000_device.c.obj)
 .text.ull_signal_rx_buff_free
                0x000000000000b902       0x24 app/libapp.a(dw3000_device.c.obj)
 .text.ull_configureframefilter
                0x000000000000b926       0x32 app/libapp.a(dw3000_device.c.obj)
 .text.ull_configeventcounters
                0x000000000000b958       0x28 app/libapp.a(dw3000_device.c.obj)
 .text.dwt_adjust_delaytime.constprop.0
                0x000000000000b980       0x2a app/libapp.a(dw3000_device.c.obj)
 .text.ull_rxenable
                0x000000000000b9aa       0xa6 app/libapp.a(dw3000_device.c.obj)
 .text.dwt_modify16bitoffsetreg.constprop.0
                0x000000000000ba50       0x22 app/libapp.a(dw3000_device.c.obj)
 .text.dwt_modify32bitoffsetreg.constprop.0
                0x000000000000ba72       0x1e app/libapp.a(dw3000_device.c.obj)
 .text.ull_readtempvbat
                0x000000000000ba90       0x1c app/libapp.a(dw3000_device.c.obj)
 .text.ull_pll_cal
                0x000000000000baac       0x16 app/libapp.a(dw3000_device.c.obj)
 .text.ull_setinterrupt
                0x000000000000bac2       0x98 app/libapp.a(dw3000_device.c.obj)
 .text.ull_setplenfine
                0x000000000000bb5a       0x4c app/libapp.a(dw3000_device.c.obj)
 .text.prs_sys_status_and_or
                0x000000000000bba6       0x10 app/libapp.a(dw3000_device.c.obj)
 .text.ull_setgpiomode
                0x000000000000bbb6       0x34 app/libapp.a(dw3000_device.c.obj)
 .text.ull_set_vdddig_mv.isra.0
                0x000000000000bbea       0x4e app/libapp.a(dw3000_device.c.obj)
 .text.chunk_field
                0x000000000000bc38       0x16 zephyr/libzephyr.a(heap.c.obj)
 .text.chunk_set
                0x000000000000bc4e       0x16 zephyr/libzephyr.a(heap.c.obj)
 .text.chunk_size
                0x000000000000bc64        0xc zephyr/libzephyr.a(heap.c.obj)
 .text.set_chunk_used
                0x000000000000bc70       0x30 zephyr/libzephyr.a(heap.c.obj)
 .text.set_chunk_size
                0x000000000000bca0        0x8 zephyr/libzephyr.a(heap.c.obj)
 .text.bucket_idx
                0x000000000000bca8       0x1e zephyr/libzephyr.a(heap.c.obj)
 .text.free_list_add
                0x000000000000bcc6       0x84 zephyr/libzephyr.a(heap.c.obj)
 .text.sys_heap_init
                0x000000000000bd4a       0xb0 zephyr/libzephyr.a(heap.c.obj)
                0x000000000000bd4a                sys_heap_init
 .text.arch_printk_char_out
                0x000000000000bdfa        0x4 zephyr/libzephyr.a(printk.c.obj)
                0x000000000000bdfa                arch_printk_char_out
 .text.printk   0x000000000000bdfe       0x1a zephyr/libzephyr.a(printk.c.obj)
                0x000000000000bdfe                printk
 .text.process_recheck
                0x000000000000be18       0x38 zephyr/libzephyr.a(onoff.c.obj)
 .text.validate_args
                0x000000000000be50       0x20 zephyr/libzephyr.a(onoff.c.obj)
 .text.notify_one
                0x000000000000be70       0x2c zephyr/libzephyr.a(onoff.c.obj)
 .text.transition_complete
                0x000000000000be9c       0x1a zephyr/libzephyr.a(onoff.c.obj)
 .text.onoff_manager_init
                0x000000000000beb6       0x26 zephyr/libzephyr.a(onoff.c.obj)
                0x000000000000beb6                onoff_manager_init
 .text.onoff_request
                0x000000000000bedc       0xae zephyr/libzephyr.a(onoff.c.obj)
                0x000000000000bedc                onoff_request
 .text.sys_notify_validate
                0x000000000000bf8a       0x22 zephyr/libzephyr.a(notify.c.obj)
                0x000000000000bf8a                sys_notify_validate
 .text.sys_notify_finalize
                0x000000000000bfac       0x1a zephyr/libzephyr.a(notify.c.obj)
                0x000000000000bfac                sys_notify_finalize
 .text._ConfigAbsSyms
                0x000000000000bfc6        0x2 zephyr/libzephyr.a(configs.c.obj)
                0x000000000000bfc6                _ConfigAbsSyms
 .text.arch_early_memset
                0x000000000000bfc8        0x4 zephyr/arch/common/libarch__common.a(init.c.obj)
                0x000000000000bfc8                arch_early_memset
 .text.arch_early_memcpy
                0x000000000000bfcc        0x4 zephyr/arch/common/libarch__common.a(init.c.obj)
                0x000000000000bfcc                arch_early_memcpy
 .text.z_do_kernel_oops
                0x000000000000bfd0        0x8 zephyr/arch/arch/arm/core/libarch__arm__core.a(fatal.c.obj)
                0x000000000000bfd0                z_do_kernel_oops
 .text.z_arm_nmi
                0x000000000000bfd8        0xe zephyr/arch/arch/arm/core/libarch__arm__core.a(nmi.c.obj)
                0x000000000000bfd8                z_arm_nmi
 .text.z_irq_spurious
                0x000000000000bfe6        0x8 zephyr/arch/arch/arm/core/cortex_m/libarch__arm__core__cortex_m.a(irq_manage.c.obj)
                0x000000000000bfe6                z_irq_spurious
 .text.arch_coprocessors_disable
                0x000000000000bfee        0x6 zephyr/arch/arch/arm/core/cortex_m/libarch__arm__core__cortex_m.a(thread.c.obj)
                0x000000000000bfee                arch_coprocessors_disable
 .text.arch_irq_unlock_outlined
                0x000000000000bff4        0xe zephyr/arch/arch/arm/core/cortex_m/libarch__arm__core__cortex_m.a(thread.c.obj)
                0x000000000000bff4                arch_irq_unlock_outlined
 .text.arch_cpu_idle
                0x000000000000c002       0x1a zephyr/arch/arch/arm/core/cortex_m/libarch__arm__core__cortex_m.a(cpu_idle.c.obj)
                0x000000000000c002                arch_cpu_idle
 .text.arch_cpu_atomic_idle
                0x000000000000c01c       0x1e zephyr/arch/arch/arm/core/cortex_m/libarch__arm__core__cortex_m.a(cpu_idle.c.obj)
                0x000000000000c01c                arch_cpu_atomic_idle
 .text.size_to_mpu_rasr_size
                0x000000000000c03a       0x20 zephyr/arch/arch/arm/core/mpu/libarch__arm__core__mpu.a(arm_mpu.c.obj)
 .text.__assert_no_args
                0x000000000000c05a        0x6 zephyr/lib/libc/picolibc/liblib__libc__picolibc.a(assert.c.obj)
                0x000000000000c05a                __assert_no_args
 .text.picolibc_put
                0x000000000000c060        0xa zephyr/lib/libc/picolibc/liblib__libc__picolibc.a(stdio.c.obj)
 .text.get_status
                0x000000000000c06a       0x12 zephyr/drivers/clock_control/libdrivers__clock_control.a(clock_control_nrf.c.obj)
 .text.stop     0x000000000000c07c       0x52 zephyr/drivers/clock_control/libdrivers__clock_control.a(clock_control_nrf.c.obj)
 .text.api_stop
                0x000000000000c0ce        0x6 zephyr/drivers/clock_control/libdrivers__clock_control.a(clock_control_nrf.c.obj)
 .text.async_start
                0x000000000000c0d4       0x5c zephyr/drivers/clock_control/libdrivers__clock_control.a(clock_control_nrf.c.obj)
 .text.api_start
                0x000000000000c130        0xe zephyr/drivers/clock_control/libdrivers__clock_control.a(clock_control_nrf.c.obj)
 .text.onoff_started_callback
                0x000000000000c13e       0x12 zephyr/drivers/clock_control/libdrivers__clock_control.a(clock_control_nrf.c.obj)
 .text.blocking_start_callback
                0x000000000000c150        0x6 zephyr/drivers/clock_control/libdrivers__clock_control.a(clock_control_nrf.c.obj)
 .text.lfclk_stop
                0x000000000000c156        0x4 zephyr/drivers/clock_control/libdrivers__clock_control.a(clock_control_nrf.c.obj)
 .text.lfclk_start
                0x000000000000c15a        0x4 zephyr/drivers/clock_control/libdrivers__clock_control.a(clock_control_nrf.c.obj)
 .text.gpio_nrfx_port_get_raw
                0x000000000000c15e        0xe zephyr/drivers/gpio/libdrivers__gpio.a(gpio_nrfx.c.obj)
 .text.gpio_nrfx_port_set_masked_raw
                0x000000000000c16c       0x18 zephyr/drivers/gpio/libdrivers__gpio.a(gpio_nrfx.c.obj)
 .text.gpio_nrfx_port_set_bits_raw
                0x000000000000c184        0xc zephyr/drivers/gpio/libdrivers__gpio.a(gpio_nrfx.c.obj)
 .text.gpio_nrfx_port_clear_bits_raw
                0x000000000000c190        0xc zephyr/drivers/gpio/libdrivers__gpio.a(gpio_nrfx.c.obj)
 .text.gpio_nrfx_port_toggle_bits
                0x000000000000c19c       0x1a zephyr/drivers/gpio/libdrivers__gpio.a(gpio_nrfx.c.obj)
 .text.gpio_nrfx_manage_callback
                0x000000000000c1b6       0x52 zephyr/drivers/gpio/libdrivers__gpio.a(gpio_nrfx.c.obj)
 .text.gpio_nrfx_gpiote_irq_handler
                0x000000000000c208        0x4 zephyr/drivers/gpio/libdrivers__gpio.a(gpio_nrfx.c.obj)
                0x000000000000c208                gpio_nrfx_gpiote_irq_handler
 .text.pinctrl_lookup_state
                0x000000000000c20c       0x26 zephyr/drivers/pinctrl/libdrivers__pinctrl.a(common.c.obj)
                0x000000000000c20c                pinctrl_lookup_state
 .text.irq_connect0
                0x000000000000c232        0xa zephyr/drivers/spi/libdrivers__spi.a(spi_nrfx_spim.c.obj)
 .text.irq_connect1
                0x000000000000c23c        0xa zephyr/drivers/spi/libdrivers__spi.a(spi_nrfx_spim.c.obj)
 .text.spi_context_get_next_buf.constprop.0
                0x000000000000c246       0x26 zephyr/drivers/spi/libdrivers__spi.a(spi_nrfx_spim.c.obj)
 .text.pinctrl_apply_state.isra.0
                0x000000000000c26c       0x1e zephyr/drivers/spi/libdrivers__spi.a(spi_nrfx_spim.c.obj)
 .text.gpio_pin_set_dt.isra.0
                0x000000000000c28a       0x28 zephyr/drivers/spi/libdrivers__spi.a(spi_nrfx_spim.c.obj)
 .text._spi_context_cs_control
                0x000000000000c2b2       0x40 zephyr/drivers/spi/libdrivers__spi.a(spi_nrfx_spim.c.obj)
 .text.spi_context_unlock_unconditionally
                0x000000000000c2f2       0x20 zephyr/drivers/spi/libdrivers__spi.a(spi_nrfx_spim.c.obj)
 .text.spi_nrfx_release
                0x000000000000c312       0x32 zephyr/drivers/spi/libdrivers__spi.a(spi_nrfx_spim.c.obj)
 .text.spi_nrfx_init
                0x000000000000c344       0xb8 zephyr/drivers/spi/libdrivers__spi.a(spi_nrfx_spim.c.obj)
 .text.finish_transaction
                0x000000000000c3fc       0x24 zephyr/drivers/spi/libdrivers__spi.a(spi_nrfx_spim.c.obj)
 .text.transfer_next_chunk
                0x000000000000c420       0xc0 zephyr/drivers/spi/libdrivers__spi.a(spi_nrfx_spim.c.obj)
 .text.event_handler
                0x000000000000c4e0       0xb8 zephyr/drivers/spi/libdrivers__spi.a(spi_nrfx_spim.c.obj)
 .text.spi_nrfx_wake_init
                0x000000000000c598       0x50 zephyr/drivers/spi/libdrivers__spi.a(spi_nrfx_common.c.obj)
                0x000000000000c598                spi_nrfx_wake_init
 .text.spi_nrfx_wake_request
                0x000000000000c5e8       0x50 zephyr/drivers/spi/libdrivers__spi.a(spi_nrfx_common.c.obj)
                0x000000000000c5e8                spi_nrfx_wake_request
 .text.event_clear
                0x000000000000c638       0x18 zephyr/drivers/timer/libdrivers__timer.a(nrf_rtc_timer.c.obj)
 .text.sys_clock_cycle_get_32
                0x000000000000c650        0x8 zephyr/drivers/timer/libdrivers__timer.a(nrf_rtc_timer.c.obj)
                0x000000000000c650                sys_clock_cycle_get_32
 .text.nrfx_isr
                0x000000000000c658        0x6 modules/hal_nordic/modules/hal_nordic/nrfx/libnrfx.a(nrfx_glue.c.obj)
                0x000000000000c658                nrfx_isr
 .text.nrfx_busy_wait
                0x000000000000c65e        0x4 modules/hal_nordic/modules/hal_nordic/nrfx/libnrfx.a(nrfx_glue.c.obj)
                0x000000000000c65e                nrfx_busy_wait
 .text.nrfx_flag32_alloc
                0x000000000000c662       0x3c modules/hal_nordic/modules/hal_nordic/nrfx/libnrfx.a(nrfx_flag32_allocator.c.obj)
                0x000000000000c662                nrfx_flag32_alloc
 .text.nrfx_flag32_free
                0x000000000000c69e       0x3a modules/hal_nordic/modules/hal_nordic/nrfx/libnrfx.a(nrfx_flag32_allocator.c.obj)
                0x000000000000c69e                nrfx_flag32_free
 .text.nrfx_clock_start
                0x000000000000c6d8       0x10 modules/hal_nordic/modules/hal_nordic/nrfx/libnrfx.a(nrfx_clock.c.obj)
                0x000000000000c6d8                nrfx_clock_start
 .text.nrfx_clock_stop
                0x000000000000c6e8       0x10 modules/hal_nordic/modules/hal_nordic/nrfx/libnrfx.a(nrfx_clock.c.obj)
                0x000000000000c6e8                nrfx_clock_stop
 .text.nrfx_power_clock_irq_handler
                0x000000000000c6f8        0xe modules/hal_nordic/modules/hal_nordic/nrfx/libnrfx.a(nrfx_clock.c.obj)
                0x000000000000c6f8                nrfx_power_clock_irq_handler
 .text.clock_stop
                0x000000000000c706       0x38 modules/hal_nordic/modules/hal_nordic/nrfx/libnrfx.a(nrfx_clock_hfclk.c.obj)
 .text.nrfx_clock_hfclk_stop
                0x000000000000c73e        0x4 modules/hal_nordic/modules/hal_nordic/nrfx/libnrfx.a(nrfx_clock_hfclk.c.obj)
                0x000000000000c73e                nrfx_clock_hfclk_stop
 .text.clock_stop
                0x000000000000c742       0x32 modules/hal_nordic/modules/hal_nordic/nrfx/libnrfx.a(nrfx_clock_lfclk.c.obj)
 .text.nrfx_clock_lfclk_stop
                0x000000000000c774        0x4 modules/hal_nordic/modules/hal_nordic/nrfx/libnrfx.a(nrfx_clock_lfclk.c.obj)
                0x000000000000c774                nrfx_clock_lfclk_stop
 .text.nrf_gpio_reconfigure
                0x000000000000c778       0x92 modules/hal_nordic/modules/hal_nordic/nrfx/libnrfx.a(nrfx_gpiote.c.obj)
 .text.nrf_gpio_cfg_sense_set
                0x000000000000c80a       0x1e modules/hal_nordic/modules/hal_nordic/nrfx/libnrfx.a(nrfx_gpiote.c.obj)
 .text.pin_in_use_by_te
                0x000000000000c828       0x16 modules/hal_nordic/modules/hal_nordic/nrfx/libnrfx.a(nrfx_gpiote.c.obj)
 .text.pin_is_output
                0x000000000000c83e       0x16 modules/hal_nordic/modules/hal_nordic/nrfx/libnrfx.a(nrfx_gpiote.c.obj)
 .text.pin_te_get
                0x000000000000c854       0x14 modules/hal_nordic/modules/hal_nordic/nrfx/libnrfx.a(nrfx_gpiote.c.obj)
 .text.call_handler
                0x000000000000c868       0x3e modules/hal_nordic/modules/hal_nordic/nrfx/libnrfx.a(nrfx_gpiote.c.obj)
 .text.release_handler
                0x000000000000c8a6       0x54 modules/hal_nordic/modules/hal_nordic/nrfx/libnrfx.a(nrfx_gpiote.c.obj)
 .text.pin_in_event_get
                0x000000000000c8fa       0x22 modules/hal_nordic/modules/hal_nordic/nrfx/libnrfx.a(nrfx_gpiote.c.obj)
 .text.__nrfy_internal_gpiote_events_process
                0x000000000000c91c       0x50 modules/hal_nordic/modules/hal_nordic/nrfx/libnrfx.a(nrfx_gpiote.c.obj)
 .text.pin_trigger_disable
                0x000000000000c96c       0x46 modules/hal_nordic/modules/hal_nordic/nrfx/libnrfx.a(nrfx_gpiote.c.obj)
 .text.nrfx_gpiote_input_configure
                0x000000000000c9b2      0x170 modules/hal_nordic/modules/hal_nordic/nrfx/libnrfx.a(nrfx_gpiote.c.obj)
                0x000000000000c9b2                nrfx_gpiote_input_configure
 .text.nrfx_gpiote_output_configure
                0x000000000000cb22       0xf2 modules/hal_nordic/modules/hal_nordic/nrfx/libnrfx.a(nrfx_gpiote.c.obj)
                0x000000000000cb22                nrfx_gpiote_output_configure
 .text.nrfx_gpiote_global_callback_set
                0x000000000000cc14        0x6 modules/hal_nordic/modules/hal_nordic/nrfx/libnrfx.a(nrfx_gpiote.c.obj)
                0x000000000000cc14                nrfx_gpiote_global_callback_set
 .text.nrfx_gpiote_channel_get
                0x000000000000cc1a       0x26 modules/hal_nordic/modules/hal_nordic/nrfx/libnrfx.a(nrfx_gpiote.c.obj)
                0x000000000000cc1a                nrfx_gpiote_channel_get
 .text.nrfx_gpiote_init
                0x000000000000cc40       0x38 modules/hal_nordic/modules/hal_nordic/nrfx/libnrfx.a(nrfx_gpiote.c.obj)
                0x000000000000cc40                nrfx_gpiote_init
 .text.nrfx_gpiote_init_check
                0x000000000000cc78        0xc modules/hal_nordic/modules/hal_nordic/nrfx/libnrfx.a(nrfx_gpiote.c.obj)
                0x000000000000cc78                nrfx_gpiote_init_check
 .text.nrfx_gpiote_pin_uninit
                0x000000000000cc84        0x4 modules/hal_nordic/modules/hal_nordic/nrfx/libnrfx.a(nrfx_gpiote.c.obj)
                0x000000000000cc84                nrfx_gpiote_pin_uninit
 .text.nrfx_gpiote_trigger_enable
                0x000000000000cc88       0xa6 modules/hal_nordic/modules/hal_nordic/nrfx/libnrfx.a(nrfx_gpiote.c.obj)
                0x000000000000cc88                nrfx_gpiote_trigger_enable
 .text.nrfx_gpiote_trigger_disable
                0x000000000000cd2e        0x4 modules/hal_nordic/modules/hal_nordic/nrfx/libnrfx.a(nrfx_gpiote.c.obj)
                0x000000000000cd2e                nrfx_gpiote_trigger_disable
 .text.nrfx_gpiote_in_event_get
                0x000000000000cd32        0x4 modules/hal_nordic/modules/hal_nordic/nrfx/libnrfx.a(nrfx_gpiote.c.obj)
                0x000000000000cd32                nrfx_gpiote_in_event_get
 .text.__nrfy_internal_spim_event_handle
                0x000000000000cd36       0x2a modules/hal_nordic/modules/hal_nordic/nrfx/libnrfx.a(nrfx_spim.c.obj)
 .text.__nrfy_internal_spim_events_process
                0x000000000000cd60       0x7c modules/hal_nordic/modules/hal_nordic/nrfx/libnrfx.a(nrfx_spim.c.obj)
 .text.nrf_gpio_pin_set
                0x000000000000cddc       0x1a modules/hal_nordic/modules/hal_nordic/nrfx/libnrfx.a(nrfx_spim.c.obj)
 .text.nrf_gpio_pin_clear
                0x000000000000cdf6       0x1a modules/hal_nordic/modules/hal_nordic/nrfx/libnrfx.a(nrfx_spim.c.obj)
 .text.spim_abort
                0x000000000000ce10       0x38 modules/hal_nordic/modules/hal_nordic/nrfx/libnrfx.a(nrfx_spim.c.obj)
 .text.nrfx_spim_init
                0x000000000000ce48       0x40 modules/hal_nordic/modules/hal_nordic/nrfx/libnrfx.a(nrfx_spim.c.obj)
                0x000000000000ce48                nrfx_spim_init
 .text.nrfx_spim_xfer
                0x000000000000ce88      0x158 modules/hal_nordic/modules/hal_nordic/nrfx/libnrfx.a(nrfx_spim.c.obj)
                0x000000000000ce88                nrfx_spim_xfer
 .text.nrfx_spim_irq_handler
                0x000000000000cfe0       0x4e modules/hal_nordic/modules/hal_nordic/nrfx/libnrfx.a(nrfx_spim.c.obj)
                0x000000000000cfe0                nrfx_spim_irq_handler
 .text.z_impl_k_busy_wait
                0x000000000000d02e        0x8 zephyr/kernel/libkernel.a(busy_wait.c.obj)
                0x000000000000d02e                z_impl_k_busy_wait
 .text.do_device_init
                0x000000000000d036       0x30 zephyr/kernel/libkernel.a(device.c.obj)
                0x000000000000d036                do_device_init
 .text.z_impl_device_is_ready
                0x000000000000d066       0x16 zephyr/kernel/libkernel.a(device.c.obj)
                0x000000000000d066                z_impl_device_is_ready
 .text.arch_system_halt
                0x000000000000d07c       0x10 zephyr/kernel/libkernel.a(fatal.c.obj)
                0x000000000000d07c                arch_system_halt
 .text.k_sys_fatal_error_handler
                0x000000000000d08c        0x6 zephyr/kernel/libkernel.a(fatal.c.obj)
                0x000000000000d08c                k_sys_fatal_error_handler
 .text.idle     0x000000000000d092       0x16 zephyr/kernel/libkernel.a(idle.c.obj)
                0x000000000000d092                idle
 .text.k_is_in_isr
                0x000000000000d0a8        0xc zephyr/kernel/libkernel.a(thread.c.obj)
                0x000000000000d0a8                k_is_in_isr
 .text.sys_dlist_remove
                0x000000000000d0b4       0x10 zephyr/kernel/libkernel.a(sched.c.obj)
 .text.unpend_thread_no_timeout
                0x000000000000d0c4       0x14 zephyr/kernel/libkernel.a(sched.c.obj)
 .text.add_to_waitq_locked
                0x000000000000d0d8       0x50 zephyr/kernel/libkernel.a(sched.c.obj)
 .text.z_ready_thread
                0x000000000000d128       0x1e zephyr/kernel/libkernel.a(sched.c.obj)
                0x000000000000d128                z_ready_thread
 .text.z_sched_wake_thread
                0x000000000000d146       0x3a zephyr/kernel/libkernel.a(sched.c.obj)
                0x000000000000d146                z_sched_wake_thread
 .text.z_thread_timeout
                0x000000000000d180        0x8 zephyr/kernel/libkernel.a(sched.c.obj)
                0x000000000000d180                z_thread_timeout
 .text.z_impl_k_sleep
                0x000000000000d188       0x42 zephyr/kernel/libkernel.a(sched.c.obj)
                0x000000000000d188                z_impl_k_sleep
 .text.next_timeout
                0x000000000000d1ca       0x2e zephyr/kernel/libkernel.a(timeout.c.obj)
 .text.z_abort_timeout
                0x000000000000d1f8       0x50 zephyr/kernel/libkernel.a(timeout.c.obj)
                0x000000000000d1f8                z_abort_timeout
 .text.sys_clock_tick_get_32
                0x000000000000d248        0x8 zephyr/kernel/libkernel.a(timeout.c.obj)
                0x000000000000d248                sys_clock_tick_get_32
 .text.z_impl_k_uptime_ticks
                0x000000000000d250        0x4 zephyr/kernel/libkernel.a(timeout.c.obj)
                0x000000000000d250                z_impl_k_uptime_ticks
 .text.boot_banner
                0x000000000000d254        0x2 zephyr/kernel/libkernel.a(banner.c.obj)
                0x000000000000d254                boot_banner
 .text.memcpy   0x000000000000d256       0x1c c:\ncs\toolchains\936afb6332\opt\zephyr-sdk\arm-zephyr-eabi\bin\../lib/gcc/../../picolibc/arm-zephyr-eabi/lib/thumb/v7e-m/nofp\libc.a(memcpy.c.o)
                0x000000000000d256                __aeabi_memcpy
                0x000000000000d256                __aeabi_memcpy4
                0x000000000000d256                __aeabi_memcpy8
                0x000000000000d256                memcpy
 .text.memset   0x000000000000d272       0x10 c:\ncs\toolchains\936afb6332\opt\zephyr-sdk\arm-zephyr-eabi\bin\../lib/gcc/../../picolibc/arm-zephyr-eabi/lib/thumb/v7e-m/nofp\libc.a(memset.c.o)
                0x000000000000d272                memset
 .text.memcmp   0x000000000000d282       0x20 c:\ncs\toolchains\936afb6332\opt\zephyr-sdk\arm-zephyr-eabi\bin\../lib/gcc/../../picolibc/arm-zephyr-eabi/lib/thumb/v7e-m/nofp\libc.a(libc_string_memcmp.c.o)
                0x000000000000d282                memcmp
 .text.strncpy  0x000000000000d2a2       0x20 c:\ncs\toolchains\936afb6332\opt\zephyr-sdk\arm-zephyr-eabi\bin\../lib/gcc/../../picolibc/arm-zephyr-eabi/lib/thumb/v7e-m/nofp\libc.a(libc_string_strncpy.c.o)
                0x000000000000d2a2                strncpy
 .text.strnlen  0x000000000000d2c2       0x18 c:\ncs\toolchains\936afb6332\opt\zephyr-sdk\arm-zephyr-eabi\bin\../lib/gcc/../../picolibc/arm-zephyr-eabi/lib/thumb/v7e-m/nofp\libc.a(libc_string_strnlen.c.o)
                0x000000000000d2c2                strnlen
 .text.__ultoa_invert
                0x000000000000d2da       0x50 c:\ncs\toolchains\936afb6332\opt\zephyr-sdk\arm-zephyr-eabi\bin\../lib/gcc/../../picolibc/arm-zephyr-eabi/lib/thumb/v7e-m/nofp\libc.a(libc_tinystdio_vfprintf.c.o)
 .text.mulShiftAll64
                0x000000000000d32a      0x176 c:\ncs\toolchains\936afb6332\opt\zephyr-sdk\arm-zephyr-eabi\bin\../lib/gcc/../../picolibc/arm-zephyr-eabi/lib/thumb/v7e-m/nofp\libc.a(libc_tinystdio_dtoa_ryu.c.o)
 .text.__umul128
                0x000000000000d4a0       0x36 c:\ncs\toolchains\936afb6332\opt\zephyr-sdk\arm-zephyr-eabi\bin\../lib/gcc/../../picolibc/arm-zephyr-eabi/lib/thumb/v7e-m/nofp\libc.a(libc_tinystdio_ryu_umul128.c.o)
                0x000000000000d4a0                __umul128
 .text.__shiftright128
                0x000000000000d4d6       0x3e c:\ncs\toolchains\936afb6332\opt\zephyr-sdk\arm-zephyr-eabi\bin\../lib/gcc/../../picolibc/arm-zephyr-eabi/lib/thumb/v7e-m/nofp\libc.a(libc_tinystdio_ryu_umul128.c.o)
                0x000000000000d4d6                __shiftright128
 .text.__math_uflowf
                0x000000000000d514        0xc c:\ncs\toolchains\936afb6332\opt\zephyr-sdk\arm-zephyr-eabi\bin\../lib/gcc/../../picolibc/arm-zephyr-eabi/lib/thumb/v7e-m/nofp\libc.a(libm_common_math_errf_uflowf.c.o)
                0x000000000000d514                __math_uflowf
 .text.__dtox_engine
                0x000000000000d520      0x128 c:\ncs\toolchains\936afb6332\opt\zephyr-sdk\arm-zephyr-eabi\bin\../lib/gcc/../../picolibc/arm-zephyr-eabi/lib/thumb/v7e-m/nofp\libc.a(libc_tinystdio_dtox_engine.c.o)
                0x000000000000d520                __dtox_engine
 *(SORT_BY_ALIGNMENT(.TEXT.*))
 .TEXT.__aeabi_read_tp
                0x000000000000d648        0xc zephyr/arch/arch/arm/core/cortex_m/libarch__arm__core__cortex_m.a(__aeabi_read_tp.S.obj)
                0x000000000000d648                __aeabi_read_tp
 *(SORT_BY_ALIGNMENT(.gnu.linkonce.t.*))
 *(SORT_BY_ALIGNMENT(.glue_7t))
 .glue_7t       0x000000000000d654        0x0 linker stubs
 *(SORT_BY_ALIGNMENT(.glue_7))
 .glue_7        0x000000000000d654        0x0 linker stubs
 *(SORT_BY_ALIGNMENT(.vfp11_veneer))
 .vfp11_veneer  0x000000000000d654        0x0 linker stubs
 *(SORT_BY_ALIGNMENT(.v4_bx))
 .v4_bx         0x000000000000d654        0x0 linker stubs
                0x000000000000d654                . = ALIGN (0x4)
                0x000000000000d654                __text_region_end = .

.ARM.exidx      0x000000000000d654        0x8
                0x000000000000d654                __exidx_start = .
 *(SORT_BY_ALIGNMENT(.ARM.exidx*) SORT_BY_ALIGNMENT(gnu.linkonce.armexidx.*))
 .ARM.exidx     0x000000000000d654        0x8 c:/ncs/toolchains/936afb6332/opt/zephyr-sdk/arm-zephyr-eabi/bin/../lib/gcc/arm-zephyr-eabi/12.2.0/thumb/v7e-m/nofp\libgcc.a(_udivmoddi4.o)
                0x000000000000d65c                __exidx_end = .
                0x000000000000d65c                __rodata_region_start = .

initlevel       0x000000000000d65c       0x58
                0x000000000000d65c                __init_start = .
                0x000000000000d65c                __init_EARLY_start = .
 *(SORT_BY_NAME(SORT_BY_ALIGNMENT(.z_init_EARLY_P_?_*)))
 *(SORT_BY_NAME(SORT_BY_ALIGNMENT(.z_init_EARLY_P_??_*)))
 *(SORT_BY_NAME(SORT_BY_ALIGNMENT(.z_init_EARLY_P_???_*)))
                0x000000000000d65c                __init_PRE_KERNEL_1_start = .
 *(SORT_BY_NAME(SORT_BY_ALIGNMENT(.z_init_PRE_KERNEL_1_P_?_*)))
 .z_init_PRE_KERNEL_1_P_0_SUB_0_
                0x000000000000d65c        0x8 zephyr/soc/soc/nrf52833/libsoc__nordic.a(soc.c.obj)
 *(SORT_BY_NAME(SORT_BY_ALIGNMENT(.z_init_PRE_KERNEL_1_P_??_*)))
 .z_init_PRE_KERNEL_1_P_30_SUB_00042_
                0x000000000000d664        0x8 zephyr/drivers/clock_control/libdrivers__clock_control.a(clock_control_nrf.c.obj)
 .z_init_PRE_KERNEL_1_P_40_SUB_00009_
                0x000000000000d66c        0x8 zephyr/drivers/gpio/libdrivers__gpio.a(gpio_nrfx.c.obj)
 .z_init_PRE_KERNEL_1_P_40_SUB_00070_
                0x000000000000d674        0x8 zephyr/drivers/gpio/libdrivers__gpio.a(gpio_nrfx.c.obj)
 .z_init_PRE_KERNEL_1_P_50_SUB_00078_
                0x000000000000d67c        0x8 zephyr/drivers/serial/libdrivers__serial.a(uart_nrfx_uart.c.obj)
 .z_init_PRE_KERNEL_1_P_60_SUB_0_
                0x000000000000d684        0x8 zephyr/drivers/console/libdrivers__console.a(uart_console.c.obj)
 *(SORT_BY_NAME(SORT_BY_ALIGNMENT(.z_init_PRE_KERNEL_1_P_???_*)))
                0x000000000000d68c                __init_PRE_KERNEL_2_start = .
 *(SORT_BY_NAME(SORT_BY_ALIGNMENT(.z_init_PRE_KERNEL_2_P_?_*)))
 .z_init_PRE_KERNEL_2_P_0_SUB_0_
                0x000000000000d68c        0x8 zephyr/drivers/timer/libdrivers__timer.a(nrf_rtc_timer.c.obj)
 *(SORT_BY_NAME(SORT_BY_ALIGNMENT(.z_init_PRE_KERNEL_2_P_??_*)))
 *(SORT_BY_NAME(SORT_BY_ALIGNMENT(.z_init_PRE_KERNEL_2_P_???_*)))
                0x000000000000d694                __init_POST_KERNEL_start = .
 *(SORT_BY_NAME(SORT_BY_ALIGNMENT(.z_init_POST_KERNEL_P_?_*)))
 *(SORT_BY_NAME(SORT_BY_ALIGNMENT(.z_init_POST_KERNEL_P_??_*)))
 .z_init_POST_KERNEL_P_35_SUB_0_
                0x000000000000d694        0x8 zephyr/lib/libc/common/liblib__libc__common.a(malloc.c.obj)
 .z_init_POST_KERNEL_P_50_SUB_00071_
                0x000000000000d69c        0x8 zephyr/drivers/spi/libdrivers__spi.a(spi_nrfx_spim.c.obj)
 .z_init_POST_KERNEL_P_50_SUB_00101_
                0x000000000000d6a4        0x8 zephyr/drivers/spi/libdrivers__spi.a(spi_nrfx_spim.c.obj)
 *(SORT_BY_NAME(SORT_BY_ALIGNMENT(.z_init_POST_KERNEL_P_???_*)))
                0x000000000000d6ac                __init_APPLICATION_start = .
 *(SORT_BY_NAME(SORT_BY_ALIGNMENT(.z_init_APPLICATION_P_?_*)))
 .z_init_APPLICATION_P_0_SUB_0_
                0x000000000000d6ac        0x8 zephyr/libzephyr.a(banner.c.obj)
 *(SORT_BY_NAME(SORT_BY_ALIGNMENT(.z_init_APPLICATION_P_??_*)))
 *(SORT_BY_NAME(SORT_BY_ALIGNMENT(.z_init_APPLICATION_P_???_*)))
                0x000000000000d6b4                __init_SMP_start = .
 *(SORT_BY_NAME(SORT_BY_ALIGNMENT(.z_init_SMP_P_?_*)))
 *(SORT_BY_NAME(SORT_BY_ALIGNMENT(.z_init_SMP_P_??_*)))
 *(SORT_BY_NAME(SORT_BY_ALIGNMENT(.z_init_SMP_P_???_*)))
                0x000000000000d6b4                __init_end = .

device_area     0x000000000000d6b4       0xa8
                0x000000000000d6b4                _device_list_start = .
 *(SORT_BY_NAME(SORT_BY_ALIGNMENT(._device.static.*_?_*)))
 *(SORT_BY_NAME(SORT_BY_ALIGNMENT(._device.static.*_??_*)))
 ._device.static.1_30_
                0x000000000000d6b4       0x1c zephyr/drivers/clock_control/libdrivers__clock_control.a(clock_control_nrf.c.obj)
                0x000000000000d6b4                __device_dts_ord_42
 ._device.static.1_40_
                0x000000000000d6d0       0x38 zephyr/drivers/gpio/libdrivers__gpio.a(gpio_nrfx.c.obj)
                0x000000000000d6d0                __device_dts_ord_70
                0x000000000000d6ec                __device_dts_ord_9
 ._device.static.1_50_
                0x000000000000d708       0x1c zephyr/drivers/serial/libdrivers__serial.a(uart_nrfx_uart.c.obj)
                0x000000000000d708                __device_dts_ord_78
 ._device.static.3_50_
                0x000000000000d724       0x38 zephyr/drivers/spi/libdrivers__spi.a(spi_nrfx_spim.c.obj)
                0x000000000000d724                __device_dts_ord_71
                0x000000000000d740                __device_dts_ord_101
 *(SORT_BY_NAME(SORT_BY_ALIGNMENT(._device.static.*_???_*)))
 *(SORT_BY_NAME(SORT_BY_ALIGNMENT(._device.static.*_????_*)))
 *(SORT_BY_NAME(SORT_BY_ALIGNMENT(._device.static.*_?????_*)))
                0x000000000000d75c                _device_list_end = .

sw_isr_table    0x000000000000d75c      0x180
                0x000000000000d75c                . = ALIGN (0x4)
 *(SORT_BY_ALIGNMENT(.gnu.linkonce.sw_isr_table*))
 .gnu.linkonce.sw_isr_table
                0x000000000000d75c      0x180 zephyr/CMakeFiles/zephyr_final.dir/isr_tables.c.obj
                0x000000000000d75c                _sw_isr_table

initlevel_error
                0x000000000000d65c        0x0
 *(SORT_BY_NAME(SORT_BY_ALIGNMENT(.z_init_*)))
                0x0000000000000001                ASSERT ((SIZEOF (initlevel_error) == 0x0), Undefined initialization levels used.)

app_shmem_regions
                0x000000000000d8dc        0x0
                0x000000000000d8dc                __app_shmem_regions_start = .
 *(SORT_BY_NAME(SORT_BY_ALIGNMENT(.app_regions.*)))
                0x000000000000d8dc                __app_shmem_regions_end = .

k_p4wq_initparam_area
                0x000000000000d8dc        0x0
                0x000000000000d8dc                _k_p4wq_initparam_list_start = .
 *(SORT_BY_NAME(SORT_BY_ALIGNMENT(._k_p4wq_initparam.static.*)))
                0x000000000000d8dc                _k_p4wq_initparam_list_end = .

_static_thread_data_area
                0x000000000000d8dc        0x0
                0x000000000000d8dc                __static_thread_data_list_start = .
 *(SORT_BY_NAME(SORT_BY_ALIGNMENT(.__static_thread_data.static.*)))
                0x000000000000d8dc                __static_thread_data_list_end = .

device_deps     0x000000000000d8dc        0x0
                0x000000000000d8dc                __device_deps_start = .
 *(SORT_BY_NAME(SORT_BY_ALIGNMENT(.__device_deps_pass2*)))
                0x000000000000d8dc                __device_deps_end = .

gpio_driver_api_area
                0x000000000000d8dc       0x24
                0x000000000000d8dc                _gpio_driver_api_list_start = .
 *(SORT_BY_NAME(SORT_BY_ALIGNMENT(._gpio_driver_api.static.*)))
 ._gpio_driver_api.static.gpio_nrfx_drv_api_funcs_
                0x000000000000d8dc       0x24 zephyr/drivers/gpio/libdrivers__gpio.a(gpio_nrfx.c.obj)
                0x000000000000d900                _gpio_driver_api_list_end = .

spi_driver_api_area
                0x000000000000d900        0x8
                0x000000000000d900                _spi_driver_api_list_start = .
 *(SORT_BY_NAME(SORT_BY_ALIGNMENT(._spi_driver_api.static.*)))
 ._spi_driver_api.static.spi_nrfx_driver_api_
                0x000000000000d900        0x8 zephyr/drivers/spi/libdrivers__spi.a(spi_nrfx_spim.c.obj)
                0x000000000000d908                _spi_driver_api_list_end = .

shared_irq_driver_api_area
                0x000000000000d908        0x0
                0x000000000000d908                _shared_irq_driver_api_list_start = .
 *(SORT_BY_NAME(SORT_BY_ALIGNMENT(._shared_irq_driver_api.static.*)))
                0x000000000000d908                _shared_irq_driver_api_list_end = .

crypto_driver_api_area
                0x000000000000d908        0x0
                0x000000000000d908                _crypto_driver_api_list_start = .
 *(SORT_BY_NAME(SORT_BY_ALIGNMENT(._crypto_driver_api.static.*)))
                0x000000000000d908                _crypto_driver_api_list_end = .

adc_driver_api_area
                0x000000000000d908        0x0
                0x000000000000d908                _adc_driver_api_list_start = .
 *(SORT_BY_NAME(SORT_BY_ALIGNMENT(._adc_driver_api.static.*)))
                0x000000000000d908                _adc_driver_api_list_end = .

auxdisplay_driver_api_area
                0x000000000000d908        0x0
                0x000000000000d908                _auxdisplay_driver_api_list_start = .
 *(SORT_BY_NAME(SORT_BY_ALIGNMENT(._auxdisplay_driver_api.static.*)))
                0x000000000000d908                _auxdisplay_driver_api_list_end = .

bbram_driver_api_area
                0x000000000000d908        0x0
                0x000000000000d908                _bbram_driver_api_list_start = .
 *(SORT_BY_NAME(SORT_BY_ALIGNMENT(._bbram_driver_api.static.*)))
                0x000000000000d908                _bbram_driver_api_list_end = .

bt_hci_driver_api_area
                0x000000000000d908        0x0
                0x000000000000d908                _bt_hci_driver_api_list_start = .
 *(SORT_BY_NAME(SORT_BY_ALIGNMENT(._bt_hci_driver_api.static.*)))
                0x000000000000d908                _bt_hci_driver_api_list_end = .

can_driver_api_area
                0x000000000000d908        0x0
                0x000000000000d908                _can_driver_api_list_start = .
 *(SORT_BY_NAME(SORT_BY_ALIGNMENT(._can_driver_api.static.*)))
                0x000000000000d908                _can_driver_api_list_end = .

cellular_driver_api_area
                0x000000000000d908        0x0
                0x000000000000d908                _cellular_driver_api_list_start = .
 *(SORT_BY_NAME(SORT_BY_ALIGNMENT(._cellular_driver_api.static.*)))
                0x000000000000d908                _cellular_driver_api_list_end = .

charger_driver_api_area
                0x000000000000d908        0x0
                0x000000000000d908                _charger_driver_api_list_start = .
 *(SORT_BY_NAME(SORT_BY_ALIGNMENT(._charger_driver_api.static.*)))
                0x000000000000d908                _charger_driver_api_list_end = .

clock_control_driver_api_area
                0x000000000000d908       0x1c
                0x000000000000d908                _clock_control_driver_api_list_start = .
 *(SORT_BY_NAME(SORT_BY_ALIGNMENT(._clock_control_driver_api.static.*)))
 ._clock_control_driver_api.static.clock_control_api_
                0x000000000000d908       0x1c zephyr/drivers/clock_control/libdrivers__clock_control.a(clock_control_nrf.c.obj)
                0x000000000000d924                _clock_control_driver_api_list_end = .

comparator_driver_api_area
                0x000000000000d924        0x0
                0x000000000000d924                _comparator_driver_api_list_start = .
 *(SORT_BY_NAME(SORT_BY_ALIGNMENT(._comparator_driver_api.static.*)))
                0x000000000000d924                _comparator_driver_api_list_end = .

coredump_driver_api_area
                0x000000000000d924        0x0
                0x000000000000d924                _coredump_driver_api_list_start = .
 *(SORT_BY_NAME(SORT_BY_ALIGNMENT(._coredump_driver_api.static.*)))
                0x000000000000d924                _coredump_driver_api_list_end = .

counter_driver_api_area